<html>
<body>
<pre>
<h1>µVision Build Log</h1>
<h2>Tool Versions:</h2>
IDE-Version: µVision V5.36.0.0
Copyright (C) 2021 ARM Ltd and ARM Germany GmbH. All rights reserved.
License Information: Faridul Islam, NA, LIC=----
 
Tool Versions:
Toolchain:       MDK-Lite  Version: 5.36.0.0
Toolchain Path:  C:\Keil_v5\ARM\ARMCLANG\Bin
C Compiler:      ArmClang.exe V6.16
Assembler:       Armasm.exe V6.16
Linker/Locator:  ArmLink.exe V6.16
Library Manager: ArmAr.exe V6.16
Hex Converter:   FromElf.exe V6.16
CPU DLL:         SARMCM3.DLL V5.36.0.0
Dialog DLL:      DCM.DLL V1.17.3.0
Target DLL:      STLink\ST-LINKIII-KEIL_SWO.dll V3.0.9.0
Dialog DLL:      TCM.DLL V1.53.0.0
 
<h2>Project:</h2>
D:\Projects\Embedded Projects\Personal\Keil\STM32G431CBU6_ESC\stm32g431_esc.uvprojx
Project File Date:  11/30/2025

<h2>Output:</h2>
*** Using Compiler 'V6.16', folder: 'C:\Keil_v5\ARM\ARMCLANG\Bin'
Rebuild target 'STM32G431CBU6'
pot.c(54): warning: implicit conversion loses integer precision: 'volatile uint32_t' (aka 'volatile unsigned int') to 'uint16_t' (aka 'unsigned short') [-Wimplicit-int-conversion]
        return ADC1->DR;
        ~~~~~~ ~~~~~~^~
1 warning generated.
compiling pot.c...
compiling system_stm32g4xx.c...
assembling startup_stm32g431xx.s...
led.c(30): warning: no newline at end of file [-Wnewline-eof]
        
        ^
1 warning generated.
compiling led.c...
compiling main.c...
driver_spwm.c(121): warning: implicit conversion from 'int' to 'float' may lose precision [-Wimplicit-int-float-conversion]
    float s = sinf(i * 3.14159f / 180.0f);
                   ^ ~
driver_spwm.c(8): warning: no previous extern declaration for non-static variable 'spwm_sine_table' [-Wmissing-variable-declarations]
uint16_t spwm_sine_table[361], svpwm_table[361];
         ^
driver_spwm.c(8): note: declare 'static' if the variable is not intended to be used outside of this translation unit
uint16_t spwm_sine_table[361], svpwm_table[361];
^
driver_spwm.c(8): warning: no previous extern declaration for non-static variable 'svpwm_table' [-Wmissing-variable-declarations]
uint16_t spwm_sine_table[361], svpwm_table[361];
                               ^
driver_spwm.c(8): note: declare 'static' if the variable is not intended to be used outside of this translation unit
uint16_t spwm_sine_table[361], svpwm_table[361];
^
3 warnings generated.
compiling driver_spwm.c...
driver.c(173): warning: binary integer literals are a GNU extension [-Wgnu-binary-literal]
        if( val & 0b100){
                  ^
driver.c(180): warning: binary integer literals are a GNU extension [-Wgnu-binary-literal]
        if( val & 0b010){
                  ^
driver.c(187): warning: binary integer literals are a GNU extension [-Wgnu-binary-literal]
        if( val & 0b001){
                  ^
driver.c(196): warning: no newline at end of file [-Wnewline-eof]
}
 ^
4 warnings generated.
compiling driver.c...
debug.c(334): warning: no previous prototype for function 'TIM7_IRQHandler' [-Wmissing-prototypes]
void TIM7_IRQHandler(void){
     ^
debug.c(334): note: declare 'static' if the function is not intended to be used outside of this translation unit
void TIM7_IRQHandler(void){
^
static 
1 warning generated.
compiling debug.c...
linking...
Program Size: Code=4620 RO-data=520 RW-data=0 ZI-data=3272  
".\Objects\stm32g431_esc.axf" - 0 Error(s), 10 Warning(s).

<h2>Software Packages used:</h2>

Package Vendor: ARM
                https://www.keil.com/pack/ARM.CMSIS.6.1.0.pack
                ARM.CMSIS.6.1.0
                CMSIS (Common Microcontroller Software Interface Standard)
   * Component: CORE Version: 6.1.0

Package Vendor: Keil
                https://www.keil.com/pack/Keil.STM32G4xx_DFP.2.1.0.pack
                Keil.STM32G4xx_DFP.2.1.0
                STMicroelectronics STM32G4 Series Device Support

<h2>Collection of Component include folders:</h2>
  .\RTE\_STM32G431CBU6
  C:\Users\farid\AppData\Local\Arm\Packs\ARM\CMSIS\6.1.0\CMSIS\Core\Include

<h2>Collection of Component Files used:</h2>

   * Component: ARM::CMSIS:CORE:6.1.0
Build Time Elapsed:  00:00:00
</pre>
</body>
</html>
