<html>
<body>
<pre>
<h1>µVision Build Log</h1>
<h2>Tool Versions:</h2>
IDE-Version: µVision V5.41.0.0
Copyright (C) 2024 ARM Ltd and ARM Germany GmbH. All rights reserved.
License Information: faridul islam
NA
User-based license: Keil MDK Community (non-commercial free of charge)
Valid until: Jun 1 2033. Cached until: Dec 6 2025
 
Tool Versions:
Toolchain:       Keil MDK Community (non-commercial free of charge  Version: 5.41.0.0
Toolchain Path:  C:\Keil\ARM\ARMCLANG\Bin
C Compiler:      ArmClang.exe V6.22
Assembler:       Armasm.exe V6.22
Linker/Locator:  ArmLink.exe V6.22
Library Manager: ArmAr.exe V6.22
Hex Converter:   FromElf.exe V6.22
CPU DLL:         SARMCM3.DLL V5.41.0.0
Dialog DLL:      DCM.DLL V1.17.5.0
Target DLL:      STLink\ST-LINKIII-KEIL_SWO.dll V3.3.0.0
Dialog DLL:      TCM.DLL V1.56.4.0
 
<h2>Project:</h2>
E:\Embedded_Projects\KEIL\STM32G431CBU6_ESC\stm32g431_esc.uvprojx
Project File Date:  11/23/2025

<h2>Output:</h2>
*** Using Compiler 'V6.22', folder: 'C:\Keil\ARM\ARMCLANG\Bin'
Rebuild target 'STM32G431CBU6'
compiling led.c...
main.c(40): warning: variable 'u' set but not used [-Wunused-but-set-variable]
   40 |         uint16_t u, v, w;
      |                  ^
1 warning generated.
compiling main.c...
compiling pot.c...
assembling startup_stm32g431xx.s...
compiling system_stm32g4xx.c...
compiling driver.c...
compiling driver_spwm.c...
compiling debug.c...
linking...
Program Size: Code=4472 RO-data=520 RW-data=0 ZI-data=3272  
".\Objects\stm32g431_esc.axf" - 0 Error(s), 1 Warning(s).

<h2>Software Packages used:</h2>

Package Vendor: ARM
                https://www.keil.com/pack/ARM.CMSIS.6.2.0.pack
                ARM::CMSIS@6.2.0
                CMSIS (Common Microcontroller Software Interface Standard)
   * Component: CORE Version: 6.1.1

Package Vendor: Keil
                https://www.keil.com/pack/Keil.STM32G4xx_DFP.2.1.0.pack
                Keil::STM32G4xx_DFP@2.1.0
                STMicroelectronics STM32G4 Series Device Support

<h2>Collection of Component include folders:</h2>
  ./RTE/_STM32G431CBU6
  C:/Keil/ARM/CMSIS/6.2.0/CMSIS/Core/Include

<h2>Collection of Component Files used:</h2>

   * Component: ARM::CMSIS:CORE@6.1.1
Build Time Elapsed:  00:00:00
</pre>
</body>
</html>
