Component: Arm Compiler for Embedded 6.22 Tool: armlink [5ee90200]

==============================================================================

Section Cross References

    main.o(.text.main) refers to led.o(.text.LED_Init) for LED_Init
    main.o(.text.main) refers to pot.o(.text.Pot_Init) for Pot_Init
    main.o(.text.main) refers to debug.o(.text.Debug_Init) for Debug_Init
    main.o(.text.main) refers to driver_spwm.o(.text.Driver_SPWM_GPIO_Init) for Driver_SPWM_GPIO_Init
    main.o(.text.main) refers to driver_spwm.o(.text.Driver_SPWM_Timer_Init) for Driver_SPWM_Timer_Init
    main.o(.text.main) refers to driver_spwm.o(.text.Driver_SPWM_Sine_Table_Init) for Driver_SPWM_Sine_Table_Init
    main.o(.text.main) refers to driver_spwm.o(.text.Driver_SPWM_Set_Val) for Driver_SPWM_Set_Val
    main.o(.ARM.exidx.text.main) refers to main.o(.text.main) for [Anonymous Symbol]
    led.o(.ARM.exidx.text.LED_Init) refers to led.o(.text.LED_Init) for [Anonymous Symbol]
    led.o(.ARM.exidx.text.LED_Set_State) refers to led.o(.text.LED_Set_State) for [Anonymous Symbol]
    driver.o(.ARM.exidx.text.Driver_GPIO_Init) refers to driver.o(.text.Driver_GPIO_Init) for [Anonymous Symbol]
    driver.o(.ARM.exidx.text.Driver_Set_UH) refers to driver.o(.text.Driver_Set_UH) for [Anonymous Symbol]
    driver.o(.ARM.exidx.text.Driver_Set_UL) refers to driver.o(.text.Driver_Set_UL) for [Anonymous Symbol]
    driver.o(.ARM.exidx.text.Driver_Set_VH) refers to driver.o(.text.Driver_Set_VH) for [Anonymous Symbol]
    driver.o(.ARM.exidx.text.Driver_Set_VL) refers to driver.o(.text.Driver_Set_VL) for [Anonymous Symbol]
    driver.o(.ARM.exidx.text.Driver_Set_WH) refers to driver.o(.text.Driver_Set_WH) for [Anonymous Symbol]
    driver.o(.ARM.exidx.text.Driver_Set_WL) refers to driver.o(.text.Driver_Set_WL) for [Anonymous Symbol]
    driver.o(.ARM.exidx.text.Driver_Rough_Delay) refers to driver.o(.text.Driver_Rough_Delay) for [Anonymous Symbol]
    driver.o(.text.Driver_Set_U) refers to driver.o(.text.Driver_Set_UL) for Driver_Set_UL
    driver.o(.text.Driver_Set_U) refers to driver.o(.text.Driver_Rough_Delay) for Driver_Rough_Delay
    driver.o(.text.Driver_Set_U) refers to driver.o(.text.Driver_Set_UH) for Driver_Set_UH
    driver.o(.ARM.exidx.text.Driver_Set_U) refers to driver.o(.text.Driver_Set_U) for [Anonymous Symbol]
    driver.o(.text.Driver_Set_V) refers to driver.o(.text.Driver_Set_VL) for Driver_Set_VL
    driver.o(.text.Driver_Set_V) refers to driver.o(.text.Driver_Rough_Delay) for Driver_Rough_Delay
    driver.o(.text.Driver_Set_V) refers to driver.o(.text.Driver_Set_VH) for Driver_Set_VH
    driver.o(.ARM.exidx.text.Driver_Set_V) refers to driver.o(.text.Driver_Set_V) for [Anonymous Symbol]
    driver.o(.text.Driver_Set_W) refers to driver.o(.text.Driver_Set_WL) for Driver_Set_WL
    driver.o(.text.Driver_Set_W) refers to driver.o(.text.Driver_Rough_Delay) for Driver_Rough_Delay
    driver.o(.text.Driver_Set_W) refers to driver.o(.text.Driver_Set_WH) for Driver_Set_WH
    driver.o(.ARM.exidx.text.Driver_Set_W) refers to driver.o(.text.Driver_Set_W) for [Anonymous Symbol]
    driver.o(.text.Driver_Set_Phases) refers to driver.o(.text.Driver_Set_U) for Driver_Set_U
    driver.o(.text.Driver_Set_Phases) refers to driver.o(.text.Driver_Set_V) for Driver_Set_V
    driver.o(.text.Driver_Set_Phases) refers to driver.o(.text.Driver_Set_W) for Driver_Set_W
    driver.o(.ARM.exidx.text.Driver_Set_Phases) refers to driver.o(.text.Driver_Set_Phases) for [Anonymous Symbol]
    driver.o(.text.Driver_Set_Phase_Values) refers to driver.o(.text.Driver_Set_Phases) for Driver_Set_Phases
    driver.o(.ARM.exidx.text.Driver_Set_Phase_Values) refers to driver.o(.text.Driver_Set_Phase_Values) for [Anonymous Symbol]
    driver_spwm.o(.ARM.exidx.text.Driver_SPWM_GPIO_Init) refers to driver_spwm.o(.text.Driver_SPWM_GPIO_Init) for [Anonymous Symbol]
    driver_spwm.o(.ARM.exidx.text.Driver_SPWM_Timer_Init) refers to driver_spwm.o(.text.Driver_SPWM_Timer_Init) for [Anonymous Symbol]
    driver_spwm.o(.text.Driver_SPWM_Sine_Table_Init) refers to sinf.o(i.__hardfp_sinf) for __hardfp_sinf
    driver_spwm.o(.text.Driver_SPWM_Sine_Table_Init) refers to driver_spwm.o(.bss.spwm_sine_table) for spwm_sine_table
    driver_spwm.o(.ARM.exidx.text.Driver_SPWM_Sine_Table_Init) refers to driver_spwm.o(.text.Driver_SPWM_Sine_Table_Init) for [Anonymous Symbol]
    driver_spwm.o(.text.Driver_SPWM_Set_Val) refers to driver_spwm.o(.bss.svpwm_table) for svpwm_table
    driver_spwm.o(.ARM.exidx.text.Driver_SPWM_Set_Val) refers to driver_spwm.o(.text.Driver_SPWM_Set_Val) for [Anonymous Symbol]
    debug.o(.text.Debug_Struct_Init) refers to debug.o(.bss.Debug) for Debug
    debug.o(.ARM.exidx.text.Debug_Struct_Init) refers to debug.o(.text.Debug_Struct_Init) for [Anonymous Symbol]
    debug.o(.text.Debug_RX_Packet_Struct_Init) refers to debug.o(.bss.Debug) for Debug
[...]
    debug.o(.text.Debug_Error_Code_Get) refers to debug.o(.bss.Debug) for Debug
    debug.o(.ARM.exidx.text.Debug_Error_Code_Get) refers to debug.o(.text.Debug_Error_Code_Get) for [Anonymous Symbol]
    debug.o(.text.Debug_Error_Code_Clear) refers to debug.o(.bss.Debug) for Debug
    debug.o(.ARM.exidx.text.Debug_Error_Code_Clear) refers to debug.o(.text.Debug_Error_Code_Clear) for [Anonymous Symbol]
    debug.o(.text.Debug_Accumulated_CRC_Error_Get) refers to debug.o(.bss.Debug) for Debug
    debug.o(.ARM.exidx.text.Debug_Accumulated_CRC_Error_Get) refers to debug.o(.text.Debug_Accumulated_CRC_Error_Get) for [Anonymous Symbol]
    debug.o(.text.Debug_RX_Packet_CRC_Check) refers to debug.o(.text.Debug_Data_Len_Get) for Debug_Data_Len_Get
    debug.o(.text.Debug_RX_Packet_CRC_Check) refers to debug.o(.bss.Debug) for Debug
    debug.o(.text.Debug_RX_Packet_CRC_Check) refers to debug.o(.text.Debug_CRC_Calculate_Block) for Debug_CRC_Calculate_Block
    debug.o(.text.Debug_RX_Packet_CRC_Check) refers to debug.o(.text.Debug_Buf_Get) for Debug_Buf_Get
    debug.o(.ARM.exidx.text.Debug_RX_Packet_CRC_Check) refers to debug.o(.text.Debug_RX_Packet_CRC_Check) for [Anonymous Symbol]
    debug.o(.ARM.exidx.text.Debug_CRC_Calculate_Byte) refers to debug.o(.text.Debug_CRC_Calculate_Byte) for [Anonymous Symbol]
    debug.o(.text.Debug_CRC_Calculate_Block) refers to debug.o(.text.Debug_CRC_Calculate_Byte) for Debug_CRC_Calculate_Byte
    debug.o(.ARM.exidx.text.Debug_CRC_Calculate_Block) refers to debug.o(.text.Debug_CRC_Calculate_Block) for [Anonymous Symbol]
    debug.o(.text.Debug_RX_Packet_Read_Complete) refers to debug.o(.text.Debug_Buf_Flush) for Debug_Buf_Flush
    debug.o(.text.Debug_RX_Packet_Read_Complete) refers to debug.o(.text.Debug_Data_Clear_Available_Flag) for Debug_Data_Clear_Available_Flag
    debug.o(.text.Debug_RX_Packet_Read_Complete) refers to debug.o(.text.Debug_Data_Clear_Read_Complete_Flag) for Debug_Data_Clear_Read_Complete_Flag
    debug.o(.text.Debug_RX_Packet_Read_Complete) refers to debug.o(.text.Debug_Error_Code_Clear) for Debug_Error_Code_Clear
    debug.o(.ARM.exidx.text.Debug_RX_Packet_Read_Complete) refers to debug.o(.text.Debug_RX_Packet_Read_Complete) for [Anonymous Symbol]
    debug.o(.text.Debug_Init) refers to debug.o(.text.Debug_Struct_Init) for Debug_Struct_Init
    debug.o(.text.Debug_Init) refers to debug.o(.text.Debug_RX_Packet_Struct_Init) for Debug_RX_Packet_Struct_Init
    debug.o(.text.Debug_Init) refers to debug.o(.text.Debug_Timer_Struct_Init) for Debug_Timer_Struct_Init
    debug.o(.text.Debug_Init) refers to debug.o(.text.Debug_Config_GPIO) for Debug_Config_GPIO
    debug.o(.text.Debug_Init) refers to debug.o(.text.Debug_Config_Clock) for Debug_Config_Clock
    debug.o(.text.Debug_Init) refers to debug.o(.text.Debug_Config_BAUD_Rate) for Debug_Config_BAUD_Rate
    debug.o(.text.Debug_Init) refers to debug.o(.text.Debug_Config_Tx) for Debug_Config_Tx
    debug.o(.text.Debug_Init) refers to debug.o(.text.Debug_Timer_Init) for Debug_Timer_Init
    debug.o(.text.Debug_Init) refers to debug.o(.text.Debug_Buf_Flush) for Debug_Buf_Flush
    debug.o(.ARM.exidx.text.Debug_Init) refers to debug.o(.text.Debug_Init) for [Anonymous Symbol]
    pot.o(.ARM.exidx.text.Pot_GPIO_Init) refers to pot.o(.text.Pot_GPIO_Init) for [Anonymous Symbol]
    pot.o(.ARM.exidx.text.Pot_ADC_Init) refers to pot.o(.text.Pot_ADC_Init) for [Anonymous Symbol]
    pot.o(.text.Pot_Init) refers to pot.o(.text.Pot_GPIO_Init) for Pot_GPIO_Init
    pot.o(.text.Pot_Init) refers to pot.o(.text.Pot_ADC_Init) for Pot_ADC_Init
    pot.o(.ARM.exidx.text.Pot_Init) refers to pot.o(.text.Pot_Init) for [Anonymous Symbol]
    pot.o(.ARM.exidx.text.Pot_ADC_Read) refers to pot.o(.text.Pot_ADC_Read) for [Anonymous Symbol]
    startup_stm32g431xx.o(STACK) refers (Special) to heapauxi.o(.text) for __use_two_region_memory
    startup_stm32g431xx.o(HEAP) refers (Special) to heapauxi.o(.text) for __use_two_region_memory
    startup_stm32g431xx.o(RESET) refers (Special) to heapauxi.o(.text) for __use_two_region_memory
    startup_stm32g431xx.o(RESET) refers to startup_stm32g431xx.o(STACK) for __initial_sp
    startup_stm32g431xx.o(RESET) refers to startup_stm32g431xx.o(.text) for Reset_Handler
    startup_stm32g431xx.o(RESET) refers to debug.o(.text.USART2_IRQHandler) for USART2_IRQHandler
    startup_stm32g431xx.o(RESET) refers to debug.o(.text.TIM7_IRQHandler) for TIM7_IRQHandler
    startup_stm32g431xx.o(.text) refers (Special) to heapauxi.o(.text) for __use_two_region_memory
    startup_stm32g431xx.o(.text) refers to system_stm32g4xx.o(.text.SystemInit) for SystemInit
    startup_stm32g431xx.o(.text) refers to __main.o(!!!main) for __main
    startup_stm32g431xx.o(.text) refers to startup_stm32g431xx.o(HEAP) for Heap_Mem
    startup_stm32g431xx.o(.text) refers to startup_stm32g431xx.o(STACK) for Stack_Mem
    system_stm32g4xx.o(.ARM.exidx.text.SystemInit) refers to system_stm32g4xx.o(.text.SystemInit) for [Anonymous Symbol]
    system_stm32g4xx.o(.text.SystemCoreClockUpdate) refers to system_stm32g4xx.o(.data.SystemCoreClock) for SystemCoreClock
    system_stm32g4xx.o(.text.SystemCoreClockUpdate) refers to system_stm32g4xx.o(.rodata.AHBPrescTable) for AHBPrescTable
    system_stm32g4xx.o(.ARM.exidx.text.SystemCoreClockUpdate) refers to system_stm32g4xx.o(.text.SystemCoreClockUpdate) for [Anonymous Symbol]
    __main.o(!!!main) refers to __rtentry.o(.ARM.Collect$$rtentry$$00000000) for __rt_entry
    sinf.o(i.__hardfp_sinf) refers (Special) to usenofp.o(x$fpl$usenofp) for __I$use$fp
    sinf.o(i.__hardfp_sinf) refers to rredf.o(i.__mathlib_rredf2) for __mathlib_rredf2
    sinf.o(i.__hardfp_sinf) refers to fpclassifyf.o(i.__ARM_fpclassifyf) for __ARM_fpclassifyf
    sinf.o(i.__hardfp_sinf) refers to funder.o(i.__mathlib_flt_underflow) for __mathlib_flt_underflow
    sinf.o(i.__hardfp_sinf) refers to _rserrno.o(.text) for __set_errno
    sinf.o(i.__hardfp_sinf) refers to funder.o(i.__mathlib_flt_invalid) for __mathlib_flt_invalid
    sinf.o(i.__hardfp_sinf) refers to funder.o(i.__mathlib_flt_infnan) for __mathlib_flt_infnan
    sinf.o(i.__softfp_sinf) refers (Special) to usenofp.o(x$fpl$usenofp) for __I$use$fp
    sinf.o(i.__softfp_sinf) refers to sinf.o(i.__hardfp_sinf) for __hardfp_sinf
    sinf.o(i.sinf) refers (Special) to usenofp.o(x$fpl$usenofp) for __I$use$fp
    sinf.o(i.sinf) refers to sinf.o(i.__hardfp_sinf) for __hardfp_sinf
    __rtentry.o(.ARM.Collect$$rtentry$$00000000) refers (Special) to __rtentry2.o(.ARM.Collect$$rtentry$$0000000A) for __rt_entry_li
    __rtentry.o(.ARM.Collect$$rtentry$$00000000) refers (Special) to __rtentry2.o(.ARM.Collect$$rtentry$$0000000D) for __rt_entry_main
    __rtentry.o(.ARM.Collect$$rtentry$$00000000) refers (Special) to __rtentry2.o(.ARM.Collect$$rtentry$$0000000C) for __rt_entry_postli_1
    __rtentry.o(.ARM.Collect$$rtentry$$00000000) refers (Special) to __rtentry2.o(.ARM.Collect$$rtentry$$00000009) for __rt_entry_postsh_1
    __rtentry.o(.ARM.Collect$$rtentry$$00000000) refers (Special) to __rtentry2.o(.ARM.Collect$$rtentry$$00000002) for __rt_entry_presh_1
    __rtentry.o(.ARM.Collect$$rtentry$$00000000) refers (Special) to __rtentry4.o(.ARM.Collect$$rtentry$$00000004) for __rt_entry_sh
    _rserrno.o(.text) refers to rt_errno_addr_intlibspace.o(.text) for __aeabi_errno_addr
    fpclassifyf.o(i.__ARM_fpclassifyf) refers (Special) to usenofp.o(x$fpl$usenofp) for __I$use$fp
    rredf.o(i.__mathlib_rredf2) refers (Special) to usenofp.o(x$fpl$usenofp) for __I$use$fp
    rredf.o(i.__mathlib_rredf2) refers to rredf.o(.constdata) for .constdata
    rredf.o(.constdata) refers (Special) to usenofp.o(x$fpl$usenofp) for __I$use$fp
    __rtentry2.o(.ARM.Collect$$rtentry$$00000008) refers to boardinit2.o(.text) for _platform_post_stackheap_init
    __rtentry2.o(.ARM.Collect$$rtentry$$0000000A) refers to libinit.o(.ARM.Collect$$libinit$$00000000) for __rt_lib_init
    __rtentry2.o(.ARM.Collect$$rtentry$$0000000B) refers to boardinit3.o(.text) for _platform_post_lib_init
    __rtentry2.o(.ARM.Collect$$rtentry$$0000000D) refers to main.o(.text.main) for main
    __rtentry2.o(.ARM.Collect$$rtentry$$0000000D) refers to exit.o(.text) for exit
    __rtentry2.o(.ARM.exidx) refers to __rtentry2.o(.ARM.Collect$$rtentry$$00000001) for .ARM.Collect$$rtentry$$00000001
    __rtentry2.o(.ARM.exidx) refers to __rtentry2.o(.ARM.Collect$$rtentry$$00000008) for .ARM.Collect$$rtentry$$00000008
    __rtentry2.o(.ARM.exidx) refers to __rtentry2.o(.ARM.Collect$$rtentry$$0000000A) for .ARM.Collect$$rtentry$$0000000A
    __rtentry2.o(.ARM.exidx) refers to __rtentry2.o(.ARM.Collect$$rtentry$$0000000B) for .ARM.Collect$$rtentry$$0000000B
    __rtentry2.o(.ARM.exidx) refers to __rtentry2.o(.ARM.Collect$$rtentry$$0000000D) for .ARM.Collect$$rtentry$$0000000D
    __rtentry4.o(.ARM.Collect$$rtentry$$00000004) refers to sys_stackheap_outer.o(.text) for __user_setup_stackheap
    __rtentry4.o(.ARM.exidx) refers to __rtentry4.o(.ARM.Collect$$rtentry$$00000004) for .ARM.Collect$$rtentry$$00000004
    rt_errno_addr.o(.text) refers to rt_errno_addr.o(.bss) for __aeabi_errno_addr_data
    rt_errno_addr_intlibspace.o(.text) refers to libspace.o(.bss) for __libspace_start
    libspace.o(.text) refers to libspace.o(.bss) for __libspace_start
    sys_stackheap_outer.o(.text) refers to libspace.o(.text) for __user_perproc_libspace
    sys_stackheap_outer.o(.text) refers to startup_stm32g431xx.o(.text) for __user_initial_stackheap
    exit.o(.text) refers to rtexit.o(.ARM.Collect$$rtexit$$00000000) for __rt_exit
    libinit.o(.ARM.Collect$$libinit$$00000000) refers (Special) to libinit2.o(.ARM.Collect$$libinit$$00000030) for __rt_lib_init_alloca_1
    libinit.o(.ARM.Collect$$libinit$$00000000) refers (Special) to libinit2.o(.ARM.Collect$$libinit$$0000002E) for __rt_lib_init_argv_1
    libinit.o(.ARM.Collect$$libinit$$00000000) refers (Special) to libinit2.o(.ARM.Collect$$libinit$$0000001D) for __rt_lib_init_atexit_1
    libinit.o(.ARM.Collect$$libinit$$00000000) refers (Special) to libinit2.o(.ARM.Collect$$libinit$$00000023) for __rt_lib_init_clock_1
    libinit.o(.ARM.Collect$$libinit$$00000000) refers (Special) to libinit2.o(.ARM.Collect$$libinit$$00000034) for __rt_lib_init_cpp_1
    libinit.o(.ARM.Collect$$libinit$$00000000) refers (Special) to libinit2.o(.ARM.Collect$$libinit$$00000032) for __rt_lib_init_exceptions_1
    libinit.o(.ARM.Collect$$libinit$$00000000) refers (Special) to libinit2.o(.ARM.Collect$$libinit$$00000001) for __rt_lib_init_fp_1
    libinit.o(.ARM.Collect$$libinit$$00000000) refers (Special) to libinit2.o(.ARM.Collect$$libinit$$00000021) for __rt_lib_init_fp_trap_1
    libinit.o(.ARM.Collect$$libinit$$00000000) refers (Special) to libinit2.o(.ARM.Collect$$libinit$$00000025) for __rt_lib_init_getenv_1
    libinit.o(.ARM.Collect$$libinit$$00000000) refers (Special) to libinit2.o(.ARM.Collect$$libinit$$0000000C) for __rt_lib_init_heap_1
    libinit.o(.ARM.Collect$$libinit$$00000000) refers (Special) to libinit2.o(.ARM.Collect$$libinit$$00000013) for __rt_lib_init_lc_collate_1
    libinit.o(.ARM.Collect$$libinit$$00000000) refers (Special) to libinit2.o(.ARM.Collect$$libinit$$00000015) for __rt_lib_init_lc_ctype_1
    libinit.o(.ARM.Collect$$libinit$$00000000) refers (Special) to libinit2.o(.ARM.Collect$$libinit$$00000017) for __rt_lib_init_lc_monetary_1
    libinit.o(.ARM.Collect$$libinit$$00000000) refers (Special) to libinit2.o(.ARM.Collect$$libinit$$00000019) for __rt_lib_init_lc_numeric_1
    libinit.o(.ARM.Collect$$libinit$$00000000) refers (Special) to libinit2.o(.ARM.Collect$$libinit$$0000001B) for __rt_lib_init_lc_time_1
    libinit.o(.ARM.Collect$$libinit$$00000000) refers (Special) to libinit2.o(.ARM.Collect$$libinit$$00000006) for __rt_lib_init_preinit_1
    libinit.o(.ARM.Collect$$libinit$$00000000) refers (Special) to libinit2.o(.ARM.Collect$$libinit$$00000010) for __rt_lib_init_rand_1
    libinit.o(.ARM.Collect$$libinit$$00000000) refers (Special) to libinit2.o(.ARM.Collect$$libinit$$00000004) for __rt_lib_init_relocate_pie_1
    libinit.o(.ARM.Collect$$libinit$$00000000) refers (Special) to libinit2.o(.ARM.Collect$$libinit$$00000035) for __rt_lib_init_return
    libinit.o(.ARM.Collect$$libinit$$00000000) refers (Special) to libinit2.o(.ARM.Collect$$libinit$$0000001F) for __rt_lib_init_signal_1
    libinit.o(.ARM.Collect$$libinit$$00000000) refers (Special) to libinit2.o(.ARM.Collect$$libinit$$00000027) for __rt_lib_init_stdio_1
    libinit.o(.ARM.Collect$$libinit$$00000000) refers (Special) to libinit2.o(.ARM.Collect$$libinit$$0000000E) for __rt_lib_init_user_alloc_1
    rtexit.o(.ARM.Collect$$rtexit$$00000000) refers (Special) to rtexit2.o(.ARM.Collect$$rtexit$$00000004) for __rt_exit_exit
    rtexit.o(.ARM.Collect$$rtexit$$00000000) refers (Special) to rtexit2.o(.ARM.Collect$$rtexit$$00000003) for __rt_exit_ls
    rtexit.o(.ARM.Collect$$rtexit$$00000000) refers (Special) to rtexit2.o(.ARM.Collect$$rtexit$$00000002) for __rt_exit_prels_1
    rtexit.o(.ARM.exidx) refers (Special) to rtexit2.o(.ARM.Collect$$rtexit$$00000004) for __rt_exit_exit
    rtexit.o(.ARM.exidx) refers (Special) to rtexit2.o(.ARM.Collect$$rtexit$$00000003) for __rt_exit_ls
    rtexit.o(.ARM.exidx) refers (Special) to rtexit2.o(.ARM.Collect$$rtexit$$00000002) for __rt_exit_prels_1
    rtexit.o(.ARM.exidx) refers to rtexit.o(.ARM.Collect$$rtexit$$00000000) for .ARM.Collect$$rtexit$$00000000
    libinit2.o(.ARM.Collect$$libinit$$00000001) refers to fpinit.o(x$fpl$fpinit) for _fp_init
    libinit2.o(.ARM.Collect$$libinit$$00000012) refers to libinit2.o(.ARM.Collect$$libinit$$00000011) for .ARM.Collect$$libinit$$00000011
    libinit2.o(.ARM.Collect$$libinit$$00000014) refers to libinit2.o(.ARM.Collect$$libinit$$00000011) for .ARM.Collect$$libinit$$00000011
    libinit2.o(.ARM.Collect$$libinit$$00000016) refers to libinit2.o(.ARM.Collect$$libinit$$00000011) for .ARM.Collect$$libinit$$00000011
    libinit2.o(.ARM.Collect$$libinit$$00000018) refers to libinit2.o(.ARM.Collect$$libinit$$00000011) for .ARM.Collect$$libinit$$00000011
    libinit2.o(.ARM.Collect$$libinit$$0000001A) refers to libinit2.o(.ARM.Collect$$libinit$$00000011) for .ARM.Collect$$libinit$$00000011
    libinit2.o(.ARM.Collect$$libinit$$00000028) refers to argv_veneer.o(.emb_text) for __ARM_argv_veneer
    libinit2.o(.ARM.Collect$$libinit$$00000029) refers to argv_veneer.o(.emb_text) for __ARM_argv_veneer
    rtexit2.o(.ARM.Collect$$rtexit$$00000003) refers to libshutdown.o(.ARM.Collect$$libshutdown$$00000000) for __rt_lib_shutdown
    rtexit2.o(.ARM.Collect$$rtexit$$00000004) refers to sys_exit.o(.text) for _sys_exit
    rtexit2.o(.ARM.exidx) refers to rtexit2.o(.ARM.Collect$$rtexit$$00000001) for .ARM.Collect$$rtexit$$00000001
    rtexit2.o(.ARM.exidx) refers to rtexit2.o(.ARM.Collect$$rtexit$$00000003) for .ARM.Collect$$rtexit$$00000003
    rtexit2.o(.ARM.exidx) refers to rtexit2.o(.ARM.Collect$$rtexit$$00000004) for .ARM.Collect$$rtexit$$00000004
    argv_veneer.o(.emb_text) refers to no_argv.o(.text) for __ARM_get_argv
    sys_exit.o(.text) refers (Special) to use_no_semi.o(.text) for __I$use$semihosting
    sys_exit.o(.text) refers (Special) to indicate_semi.o(.text) for __semihosting_library_function
    sys_exit_hlt.o(.text) refers (Special) to use_no_semi.o(.text) for __I$use$semihosting
    sys_exit_hlt.o(.text) refers (Special) to indicate_semi.o(.text) for __semihosting_library_function
    _get_argv_nomalloc.o(.text) refers (Special) to hrguard.o(.text) for __heap_region$guard
    _get_argv_nomalloc.o(.text) refers to defsig_rtmem_outer.o(.text) for __rt_SIGRTMEM
    _get_argv_nomalloc.o(.text) refers to sys_command.o(.text) for _sys_command_string
    libshutdown.o(.ARM.Collect$$libshutdown$$00000000) refers (Special) to libshutdown2.o(.ARM.Collect$$libshutdown$$00000002) for __rt_lib_shutdown_cpp_1
    libshutdown.o(.ARM.Collect$$libshutdown$$00000000) refers (Special) to libshutdown2.o(.ARM.Collect$$libshutdown$$00000007) for __rt_lib_shutdown_fp_trap_1
    libshutdown.o(.ARM.Collect$$libshutdown$$00000000) refers (Special) to libshutdown2.o(.ARM.Collect$$libshutdown$$0000000F) for __rt_lib_shutdown_heap_1
    libshutdown.o(.ARM.Collect$$libshutdown$$00000000) refers (Special) to libshutdown2.o(.ARM.Collect$$libshutdown$$00000010) for __rt_lib_shutdown_return
    libshutdown.o(.ARM.Collect$$libshutdown$$00000000) refers (Special) to libshutdown2.o(.ARM.Collect$$libshutdown$$0000000A) for __rt_lib_shutdown_signal_1
    libshutdown.o(.ARM.Collect$$libshutdown$$00000000) refers (Special) to libshutdown2.o(.ARM.Collect$$libshutdown$$00000004) for __rt_lib_shutdown_stdio_1
    libshutdown.o(.ARM.Collect$$libshutdown$$00000000) refers (Special) to libshutdown2.o(.ARM.Collect$$libshutdown$$0000000C) for __rt_lib_shutdown_user_alloc_1
    sys_command.o(.text) refers (Special) to use_no_semi.o(.text) for __I$use$semihosting
    sys_command.o(.text) refers (Special) to indicate_semi.o(.text) for __semihosting_library_function
    sys_command_hlt.o(.text) refers (Special) to use_no_semi.o(.text) for __I$use$semihosting
    sys_command_hlt.o(.text) refers (Special) to indicate_semi.o(.text) for __semihosting_library_function
    defsig_rtmem_outer.o(.text) refers to defsig_rtmem_inner.o(.text) for __rt_SIGRTMEM_inner
    defsig_rtmem_outer.o(.text) refers to defsig_exit.o(.text) for __sig_exit
    defsig_rtmem_formal.o(.text) refers to rt_raise.o(.text) for __rt_raise
    rt_raise.o(.text) refers to __raise.o(.text) for __raise
    rt_raise.o(.text) refers to sys_exit.o(.text) for _sys_exit
    defsig_exit.o(.text) refers to sys_exit.o(.text) for _sys_exit
    defsig_rtmem_inner.o(.text) refers to defsig_general.o(.text) for __default_signal_display
    __raise.o(.text) refers to defsig.o(CL$$defsig) for __default_signal_handler
    defsig_general.o(.text) refers to sys_wrch.o(.text) for _ttywrch
    sys_wrch.o(.text) refers (Special) to use_no_semi.o(.text) for __I$use$semihosting
    sys_wrch.o(.text) refers (Special) to indicate_semi.o(.text) for __semihosting_library_function
    sys_wrch_hlt.o(.text) refers (Special) to use_no_semi.o(.text) for __I$use$semihosting
    sys_wrch_hlt.o(.text) refers (Special) to indicate_semi.o(.text) for __semihosting_library_function
    defsig.o(CL$$defsig) refers to defsig_rtmem_inner.o(.text) for __rt_SIGRTMEM_inner
    defsig_abrt_inner.o(.text) refers to defsig_general.o(.text) for __default_signal_display
    defsig_fpe_inner.o(.text) refers to defsig_general.o(.text) for __default_signal_display
    defsig_rtred_inner.o(.text) refers to defsig_general.o(.text) for __default_signal_display
    defsig_stak_inner.o(.text) refers to defsig_general.o(.text) for __default_signal_display
    defsig_pvfn_inner.o(.text) refers to defsig_general.o(.text) for __default_signal_display
    defsig_cppl_inner.o(.text) refers to defsig_general.o(.text) for __default_signal_display
    defsig_segv_inner.o(.text) refers to defsig_general.o(.text) for __default_signal_display
    defsig_other.o(.text) refers to defsig_general.o(.text) for __default_signal_display


==============================================================================

Removing Unused input sections from the image.

    Removing main.o(.text), (0 bytes).
    Removing main.o(.ARM.exidx.text.main), (8 bytes).
    Removing main.o(.bss.phase_index), (1 bytes).
    Removing main.o(.data.phase_val), (6 bytes).
    Removing main.o(.data.delay), (2 bytes).
    Removing main.o(.data.buffer), (2 bytes).
    Removing main.o(.ARM.use_no_argv), (4 bytes).
    Removing led.o(.text), (0 bytes).
    Removing led.o(.ARM.exidx.text.LED_Init), (8 bytes).
    Removing led.o(.text.LED_Set_State), (66 bytes).
    Removing led.o(.ARM.exidx.text.LED_Set_State), (8 bytes).
    Removing driver.o(.text), (0 bytes).
    Removing driver.o(.text.Driver_GPIO_Init), (220 bytes).
    Removing driver.o(.ARM.exidx.text.Driver_GPIO_Init), (8 bytes).
    Removing driver.o(.text.Driver_Set_UH), (62 bytes).
    Removing driver.o(.ARM.exidx.text.Driver_Set_UH), (8 bytes).
    Removing driver.o(.text.Driver_Set_UL), (66 bytes).
    Removing driver.o(.ARM.exidx.text.Driver_Set_UL), (8 bytes).
    Removing driver.o(.text.Driver_Set_VH), (62 bytes).
    Removing driver.o(.ARM.exidx.text.Driver_Set_VH), (8 bytes).
    Removing driver.o(.text.Driver_Set_VL), (62 bytes).
    Removing driver.o(.ARM.exidx.text.Driver_Set_VL), (8 bytes).
    Removing driver.o(.text.Driver_Set_WH), (62 bytes).
    Removing driver.o(.ARM.exidx.text.Driver_Set_WH), (8 bytes).
    Removing driver.o(.text.Driver_Set_WL), (66 bytes).
    Removing driver.o(.ARM.exidx.text.Driver_Set_WL), (8 bytes).
    Removing driver.o(.text.Driver_Rough_Delay), (32 bytes).
    Removing driver.o(.ARM.exidx.text.Driver_Rough_Delay), (8 bytes).
    Removing driver.o(.text.Driver_Set_U), (58 bytes).
    Removing driver.o(.ARM.exidx.text.Driver_Set_U), (8 bytes).
    Removing driver.o(.text.Driver_Set_V), (58 bytes).
    Removing driver.o(.ARM.exidx.text.Driver_Set_V), (8 bytes).
    Removing driver.o(.text.Driver_Set_W), (58 bytes).
    Removing driver.o(.ARM.exidx.text.Driver_Set_W), (8 bytes).
    Removing driver.o(.text.Driver_Set_Phases), (44 bytes).
    Removing driver.o(.ARM.exidx.text.Driver_Set_Phases), (8 bytes).
    Removing driver.o(.text.Driver_Set_Phase_Values), (110 bytes).
    Removing driver.o(.ARM.exidx.text.Driver_Set_Phase_Values), (8 bytes).
    Removing driver_spwm.o(.text), (0 bytes).
    Removing driver_spwm.o(.ARM.exidx.text.Driver_SPWM_GPIO_Init), (8 bytes).
    Removing driver_spwm.o(.ARM.exidx.text.Driver_SPWM_Timer_Init), (8 bytes).
    Removing driver_spwm.o(.ARM.exidx.text.Driver_SPWM_Sine_Table_Init), (8 bytes).
    Removing driver_spwm.o(.ARM.exidx.text.Driver_SPWM_Set_Val), (8 bytes).
    Removing debug.o(.text), (0 bytes).
    Removing debug.o(.ARM.exidx.text.Debug_Struct_Init), (8 bytes).
    Removing debug.o(.ARM.exidx.text.Debug_RX_Packet_Struct_Init), (8 bytes).
    Removing debug.o(.ARM.exidx.text.Debug_Config_GPIO), (8 bytes).
    Removing debug.o(.ARM.exidx.text.Debug_Config_Clock), (8 bytes).
    Removing debug.o(.ARM.exidx.text.Debug_Config_BAUD_Rate), (8 bytes).
    Removing debug.o(.ARM.exidx.text.Debug_Config_Tx), (8 bytes).
    Removing debug.o(.text.Debug_Config_Rx), (48 bytes).
    Removing debug.o(.ARM.exidx.text.Debug_Config_Rx), (8 bytes).
    Removing debug.o(.text.Debug_Config_Rx_Interrupt), (40 bytes).
    Removing debug.o(.ARM.exidx.text.Debug_Config_Rx_Interrupt), (8 bytes).
    Removing debug.o(.ARM.exidx.text.__NVIC_EnableIRQ), (8 bytes).
    Removing debug.o(.ARM.exidx.text.__NVIC_SetPriority), (8 bytes).
    Removing debug.o(.ARM.exidx.text.Debug_Clear_Interrupt_Flag), (8 bytes).
    Removing debug.o(.text.Debug_Tx_Byte), (64 bytes).
    Removing debug.o(.ARM.exidx.text.Debug_Tx_Byte), (8 bytes).
    Removing debug.o(.ARM.exidx.text.Debug_Rx_Byte), (8 bytes).
    Removing debug.o(.ARM.exidx.text.USART2_IRQHandler), (8 bytes).
    Removing debug.o(.ARM.exidx.text.Debug_ISR_Handler), (8 bytes).
    Removing debug.o(.ARM.exidx.text.Debug_Timer_Struct_Init), (8 bytes).
    Removing debug.o(.ARM.exidx.text.Debug_Timer_Init), (8 bytes).
    Removing debug.o(.ARM.exidx.text.Debug_Timer_Enable), (8 bytes).
    Removing debug.o(.ARM.exidx.text.Debug_Timer_Disable), (8 bytes).
    Removing debug.o(.text.Debug_Timer_Get_Status), (14 bytes).
    Removing debug.o(.ARM.exidx.text.Debug_Timer_Get_Status), (8 bytes).
    Removing debug.o(.text.Debug_Timer_Get_Val), (14 bytes).
    Removing debug.o(.ARM.exidx.text.Debug_Timer_Get_Val), (8 bytes).
    Removing debug.o(.ARM.exidx.text.Debug_Timer_Value_Reset), (8 bytes).
    Removing debug.o(.ARM.exidx.text.Debug_Timer_Clear_Interrupt_Flag), (8 bytes).
    Removing debug.o(.ARM.exidx.text.TIM7_IRQHandler), (8 bytes).
    Removing debug.o(.ARM.exidx.text.Debug_Timer_ISR_Handler), (8 bytes).
    Removing debug.o(.text.Debug_Tx_Buf), (62 bytes).
    Removing debug.o(.ARM.exidx.text.Debug_Tx_Buf), (8 bytes).
    Removing debug.o(.text.Debug_Tx_NL), (16 bytes).
    Removing debug.o(.ARM.exidx.text.Debug_Tx_NL), (8 bytes).
    Removing debug.o(.text.Debug_Tx_SP), (10 bytes).
    Removing debug.o(.ARM.exidx.text.Debug_Tx_SP), (8 bytes).
    Removing debug.o(.text.Debug_Tx_CM), (10 bytes).
    Removing debug.o(.ARM.exidx.text.Debug_Tx_CM), (8 bytes).
    Removing debug.o(.text.Debug_Tx_Text), (54 bytes).
    Removing debug.o(.ARM.exidx.text.Debug_Tx_Text), (8 bytes).
    Removing debug.o(.text.Debug_Tx_Text_NL), (20 bytes).
    Removing debug.o(.ARM.exidx.text.Debug_Tx_Text_NL), (8 bytes).
    Removing debug.o(.text.Debug_Tx_Text_SP), (20 bytes).
    Removing debug.o(.ARM.exidx.text.Debug_Tx_Text_SP), (8 bytes).
    Removing debug.o(.text.Debug_Tx_Text_CM), (20 bytes).
    Removing debug.o(.ARM.exidx.text.Debug_Tx_Text_CM), (8 bytes).
    Removing debug.o(.text.Debug_Determine_Digit_Numbers), (124 bytes).
    Removing debug.o(.ARM.exidx.text.Debug_Determine_Digit_Numbers), (8 bytes).
    Removing debug.o(.text.Debug_Tx_Number_Digits), (104 bytes).
    Removing debug.o(.ARM.exidx.text.Debug_Tx_Number_Digits), (8 bytes).
    Removing debug.o(.text.Debug_Tx_Number), (44 bytes).
    Removing debug.o(.ARM.exidx.text.Debug_Tx_Number), (8 bytes).
    Removing debug.o(.text.Debug_Tx_Number_Hex), (196 bytes).
    Removing debug.o(.ARM.exidx.text.Debug_Tx_Number_Hex), (8 bytes).
    Removing debug.o(.text.Debug_Tx_Number_Bin), (124 bytes).
    Removing debug.o(.ARM.exidx.text.Debug_Tx_Number_Bin), (8 bytes).
    Removing debug.o(.text.Debug_Tx_Number_NL), (20 bytes).
    Removing debug.o(.ARM.exidx.text.Debug_Tx_Number_NL), (8 bytes).
    Removing debug.o(.text.Debug_Tx_Number_SP), (20 bytes).
    Removing debug.o(.ARM.exidx.text.Debug_Tx_Number_SP), (8 bytes).
    Removing debug.o(.text.Debug_Tx_Number_CM), (20 bytes).
    Removing debug.o(.ARM.exidx.text.Debug_Tx_Number_CM), (8 bytes).
    Removing debug.o(.text.Debug_Tx_Number_Hex_NL), (20 bytes).
    Removing debug.o(.ARM.exidx.text.Debug_Tx_Number_Hex_NL), (8 bytes).
    Removing debug.o(.text.Debug_Tx_Number_Hex_SP), (20 bytes).
    Removing debug.o(.ARM.exidx.text.Debug_Tx_Number_Hex_SP), (8 bytes).
    Removing debug.o(.text.Debug_Tx_Number_Hex_CM), (20 bytes).
    Removing debug.o(.ARM.exidx.text.Debug_Tx_Number_Hex_CM), (8 bytes).
    Removing debug.o(.text.Debug_Tx_Number_Bin_NL), (20 bytes).
    Removing debug.o(.ARM.exidx.text.Debug_Tx_Number_Bin_NL), (8 bytes).
    Removing debug.o(.text.Debug_Tx_Number_Bin_SP), (20 bytes).
    Removing debug.o(.ARM.exidx.text.Debug_Tx_Number_Bin_SP), (8 bytes).
    Removing debug.o(.text.Debug_Tx_Number_Bin_CM), (20 bytes).
    Removing debug.o(.ARM.exidx.text.Debug_Tx_Number_Bin_CM), (8 bytes).
    Removing debug.o(.text.Debug_Tx_Parameter_NL), (28 bytes).
    Removing debug.o(.ARM.exidx.text.Debug_Tx_Parameter_NL), (8 bytes).
    Removing debug.o(.text.Debug_Tx_Parameter_SP), (28 bytes).
    Removing debug.o(.ARM.exidx.text.Debug_Tx_Parameter_SP), (8 bytes).
    Removing debug.o(.text.Debug_Tx_Parameter_CM), (28 bytes).
    Removing debug.o(.ARM.exidx.text.Debug_Tx_Parameter_CM), (8 bytes).
    Removing debug.o(.text.Debug_Tx_Parameter_Hex_NL), (28 bytes).
    Removing debug.o(.ARM.exidx.text.Debug_Tx_Parameter_Hex_NL), (8 bytes).
    Removing debug.o(.text.Debug_Tx_Parameter_Hex_SP), (28 bytes).
    Removing debug.o(.ARM.exidx.text.Debug_Tx_Parameter_Hex_SP), (8 bytes).
    Removing debug.o(.text.Debug_Tx_Parameter_Hex_CM), (28 bytes).
    Removing debug.o(.ARM.exidx.text.Debug_Tx_Parameter_Hex_CM), (8 bytes).
    Removing debug.o(.text.Debug_Tx_Parameter_Bin_NL), (28 bytes).
    Removing debug.o(.ARM.exidx.text.Debug_Tx_Parameter_Bin_NL), (8 bytes).
    Removing debug.o(.text.Debug_Tx_Parameter_Bin_SP), (28 bytes).
    Removing debug.o(.ARM.exidx.text.Debug_Tx_Parameter_Bin_SP), (8 bytes).
    Removing debug.o(.text.Debug_Tx_Parameter_Bin_CM), (28 bytes).
    Removing debug.o(.ARM.exidx.text.Debug_Tx_Parameter_Bin_CM), (8 bytes).
    Removing debug.o(.ARM.exidx.text.Debug_Buf_Flush), (8 bytes).
    Removing debug.o(.text.Debug_Buf_Set), (34 bytes).
    Removing debug.o(.ARM.exidx.text.Debug_Buf_Set), (8 bytes).
    Removing debug.o(.ARM.exidx.text.Debug_Buf_Get), (8 bytes).
    Removing debug.o(.ARM.exidx.text.Debug_Buf_Get_Index), (8 bytes).
    Removing debug.o(.text.Debug_Data_Available), (14 bytes).
    Removing debug.o(.ARM.exidx.text.Debug_Data_Available), (8 bytes).
    Removing debug.o(.ARM.exidx.text.Debug_Data_Len_Get), (8 bytes).
    Removing debug.o(.text.Debug_Data_Calculated_CRC_Get), (14 bytes).
    Removing debug.o(.ARM.exidx.text.Debug_Data_Calculated_CRC_Get), (8 bytes).
    Removing debug.o(.text.Debug_Data_Received_CRC_Get), (14 bytes).
    Removing debug.o(.ARM.exidx.text.Debug_Data_Received_CRC_Get), (8 bytes).
    Removing debug.o(.text.Debug_Data_CRC_Status_Get), (14 bytes).
    Removing debug.o(.ARM.exidx.text.Debug_Data_CRC_Status_Get), (8 bytes).
    Removing debug.o(.text.Debug_Data_Read_Complete_Status), (14 bytes).
    Removing debug.o(.ARM.exidx.text.Debug_Data_Read_Complete_Status), (8 bytes).
    Removing debug.o(.text.Debug_Data_Clear_Available_Flag), (16 bytes).
    Removing debug.o(.ARM.exidx.text.Debug_Data_Clear_Available_Flag), (8 bytes).
    Removing debug.o(.text.Debug_Data_Clear_Read_Complete_Flag), (22 bytes).
    Removing debug.o(.ARM.exidx.text.Debug_Data_Clear_Read_Complete_Flag), (8 bytes).
    Removing debug.o(.text.Debug_Data_Copy_Buf), (68 bytes).
    Removing debug.o(.ARM.exidx.text.Debug_Data_Copy_Buf), (8 bytes).
    Removing debug.o(.text.Debug_Data_Print_Buf), (66 bytes).
    Removing debug.o(.ARM.exidx.text.Debug_Data_Print_Buf), (8 bytes).
    Removing debug.o(.text.Debug_Error_Code_Get), (12 bytes).
    Removing debug.o(.ARM.exidx.text.Debug_Error_Code_Get), (8 bytes).
    Removing debug.o(.text.Debug_Error_Code_Clear), (14 bytes).
    Removing debug.o(.ARM.exidx.text.Debug_Error_Code_Clear), (8 bytes).
    Removing debug.o(.text.Debug_Accumulated_CRC_Error_Get), (14 bytes).
    Removing debug.o(.ARM.exidx.text.Debug_Accumulated_CRC_Error_Get), (8 bytes).
    Removing debug.o(.ARM.exidx.text.Debug_RX_Packet_CRC_Check), (8 bytes).
    Removing debug.o(.ARM.exidx.text.Debug_CRC_Calculate_Byte), (8 bytes).
    Removing debug.o(.ARM.exidx.text.Debug_CRC_Calculate_Block), (8 bytes).
    Removing debug.o(.text.Debug_RX_Packet_Read_Complete), (20 bytes).
    Removing debug.o(.ARM.exidx.text.Debug_RX_Packet_Read_Complete), (8 bytes).
    Removing debug.o(.ARM.exidx.text.Debug_Init), (8 bytes).
    Removing pot.o(.text), (0 bytes).
    Removing pot.o(.ARM.exidx.text.Pot_GPIO_Init), (8 bytes).
    Removing pot.o(.ARM.exidx.text.Pot_ADC_Init), (8 bytes).
    Removing pot.o(.ARM.exidx.text.Pot_Init), (8 bytes).
    Removing pot.o(.text.Pot_ADC_Read), (44 bytes).
    Removing pot.o(.ARM.exidx.text.Pot_ADC_Read), (8 bytes).
    Removing system_stm32g4xx.o(.text), (0 bytes).
    Removing system_stm32g4xx.o(.ARM.exidx.text.SystemInit), (8 bytes).
    Removing system_stm32g4xx.o(.text.SystemCoreClockUpdate), (256 bytes).
    Removing system_stm32g4xx.o(.ARM.exidx.text.SystemCoreClockUpdate), (8 bytes).
    Removing system_stm32g4xx.o(.data.SystemCoreClock), (4 bytes).
    Removing system_stm32g4xx.o(.rodata.AHBPrescTable), (16 bytes).
    Removing system_stm32g4xx.o(.rodata.APBPrescTable), (8 bytes).

185 unused section(s) (total 3953 bytes) removed from the image.

==============================================================================

Image Symbol Table

    Local Symbols

    Symbol Name                              Value     Ov Type        Size  Object(Section)

    ../clib/angel/boardlib.s                 0x00000000   Number         0  boardinit1.o ABSOLUTE
    ../clib/angel/boardlib.s                 0x00000000   Number         0  boardinit2.o ABSOLUTE
    ../clib/angel/boardlib.s                 0x00000000   Number         0  boardinit3.o ABSOLUTE
    ../clib/angel/boardlib.s                 0x00000000   Number         0  boardshut.o ABSOLUTE
    ../clib/angel/handlers.s                 0x00000000   Number         0  __scatter_zi.o ABSOLUTE
    ../clib/angel/kernel.s                   0x00000000   Number         0  __rtentry.o ABSOLUTE
    ../clib/angel/kernel.s                   0x00000000   Number         0  __rtentry2.o ABSOLUTE
    ../clib/angel/kernel.s                   0x00000000   Number         0  __rtentry4.o ABSOLUTE
    ../clib/angel/kernel.s                   0x00000000   Number         0  rtexit.o ABSOLUTE
    ../clib/angel/kernel.s                   0x00000000   Number         0  rtexit2.o ABSOLUTE
    ../clib/angel/rt.s                       0x00000000   Number         0  rt_errno_addr.o ABSOLUTE
    ../clib/angel/rt.s                       0x00000000   Number         0  rt_errno_addr_intlibspace.o ABSOLUTE
    ../clib/angel/rt.s                       0x00000000   Number         0  rt_raise.o ABSOLUTE
    ../clib/angel/scatter.s                  0x00000000   Number         0  __scatter.o ABSOLUTE
    ../clib/angel/startup.s                  0x00000000   Number         0  __main.o ABSOLUTE
    ../clib/angel/sys.s                      0x00000000   Number         0  libspace.o ABSOLUTE
    ../clib/angel/sys.s                      0x00000000   Number         0  sys_stackheap_outer.o ABSOLUTE
    ../clib/angel/sys.s                      0x00000000   Number         0  use_no_semi.o ABSOLUTE
    ../clib/angel/sys.s                      0x00000000   Number         0  indicate_semi.o ABSOLUTE
    ../clib/angel/sysapp.c                   0x00000000   Number         0  sys_exit.o ABSOLUTE
    ../clib/angel/sysapp.c                   0x00000000   Number         0  sys_exit_hlt.o ABSOLUTE
    ../clib/angel/sysapp.c                   0x00000000   Number         0  sys_command.o ABSOLUTE
    ../clib/angel/sysapp.c                   0x00000000   Number         0  sys_command_hlt.o ABSOLUTE
    ../clib/angel/sysapp.c                   0x00000000   Number         0  sys_wrch.o ABSOLUTE
    ../clib/angel/sysapp.c                   0x00000000   Number         0  sys_wrch_hlt.o ABSOLUTE
    ../clib/armsys.c                         0x00000000   Number         0  argv_veneer.o ABSOLUTE
    ../clib/armsys.c                         0x00000000   Number         0  argv_veneer.o ABSOLUTE
    ../clib/armsys.c                         0x00000000   Number         0  _get_argv_nomalloc.o ABSOLUTE
    ../clib/armsys.c                         0x00000000   Number         0  no_argv.o ABSOLUTE
    ../clib/fenv.c                           0x00000000   Number         0  _rserrno.o ABSOLUTE
    ../clib/heapalloc.c                      0x00000000   Number         0  hrguard.o ABSOLUTE
    ../clib/heapaux.c                        0x00000000   Number         0  heapauxi.o ABSOLUTE
    ../clib/libinit.s                        0x00000000   Number         0  libinit.o ABSOLUTE
    ../clib/libinit.s                        0x00000000   Number         0  libinit2.o ABSOLUTE
    ../clib/libinit.s                        0x00000000   Number         0  libshutdown.o ABSOLUTE
    ../clib/libinit.s                        0x00000000   Number         0  libshutdown2.o ABSOLUTE
    ../clib/signal.c                         0x00000000   Number         0  defsig_rtmem_outer.o ABSOLUTE
    ../clib/signal.c                         0x00000000   Number         0  defsig_rtmem_formal.o ABSOLUTE
    ../clib/signal.c                         0x00000000   Number         0  defsig_exit.o ABSOLUTE
    ../clib/signal.c                         0x00000000   Number         0  defsig_rtmem_inner.o ABSOLUTE
    ../clib/signal.c                         0x00000000   Number         0  __raise.o ABSOLUTE
    ../clib/signal.c                         0x00000000   Number         0  defsig_general.o ABSOLUTE
    ../clib/signal.c                         0x00000000   Number         0  defsig_abrt_inner.o ABSOLUTE
    ../clib/signal.c                         0x00000000   Number         0  defsig_fpe_inner.o ABSOLUTE
    ../clib/signal.c                         0x00000000   Number         0  defsig_rtred_inner.o ABSOLUTE
    ../clib/signal.c                         0x00000000   Number         0  defsig_stak_inner.o ABSOLUTE
    ../clib/signal.c                         0x00000000   Number         0  defsig_pvfn_inner.o ABSOLUTE
    ../clib/signal.c                         0x00000000   Number         0  defsig_cppl_inner.o ABSOLUTE
    ../clib/signal.c                         0x00000000   Number         0  defsig_segv_inner.o ABSOLUTE
    ../clib/signal.c                         0x00000000   Number         0  defsig_other.o ABSOLUTE
    ../clib/signal.s                         0x00000000   Number         0  defsig.o ABSOLUTE
    ../clib/stdlib.c                         0x00000000   Number         0  exit.o ABSOLUTE
    ../fplib/fpinit.s                        0x00000000   Number         0  fpinit.o ABSOLUTE
    ../fplib/usenofp.s                       0x00000000   Number         0  usenofp.o ABSOLUTE
    ../mathlib/fpclassifyf.c                 0x00000000   Number         0  fpclassifyf.o ABSOLUTE
    ../mathlib/funder.c                      0x00000000   Number         0  funder.o ABSOLUTE
    ../mathlib/rredf.c                       0x00000000   Number         0  rredf.o ABSOLUTE
    ../mathlib/sinf.c                        0x00000000   Number         0  sinf.o ABSOLUTE
    RTE/Device/startup_stm32g431xx.s         0x00000000   Number         0  startup_stm32g431xx.o ABSOLUTE
    dc.s                                     0x00000000   Number         0  dc.o ABSOLUTE
    debug.c                                  0x00000000   Number         0  debug.o ABSOLUTE
    driver.c                                 0x00000000   Number         0  driver.o ABSOLUTE
    driver_spwm.c                            0x00000000   Number         0  driver_spwm.o ABSOLUTE
    led.c                                    0x00000000   Number         0  led.o ABSOLUTE
    main.c                                   0x00000000   Number         0  main.o ABSOLUTE
    pot.c                                    0x00000000   Number         0  pot.o ABSOLUTE
    system_stm32g4xx.c                       0x00000000   Number         0  system_stm32g4xx.o ABSOLUTE
    RESET                                    0x08000000   Section      472  startup_stm32g431xx.o(RESET)
    !!!main                                  0x080001d8   Section        8  __main.o(!!!main)
    !!!scatter                               0x080001e0   Section       92  __scatter.o(!!!scatter)
    !!handler_null                           0x0800023c   Section        2  __scatter.o(!!handler_null)
    !!handler_zi                             0x08000240   Section       28  __scatter_zi.o(!!handler_zi)
    .ARM.Collect$$libinit$$00000000          0x0800025c   Section        2  libinit.o(.ARM.Collect$$libinit$$00000000)
    .ARM.Collect$$libinit$$00000001          0x0800025e   Section        4  libinit2.o(.ARM.Collect$$libinit$$00000001)
    .ARM.Collect$$libinit$$00000004          0x08000262   Section        0  libinit2.o(.ARM.Collect$$libinit$$00000004)
    .ARM.Collect$$libinit$$00000006          0x08000262   Section        0  libinit2.o(.ARM.Collect$$libinit$$00000006)
    .ARM.Collect$$libinit$$0000000C          0x08000262   Section        0  libinit2.o(.ARM.Collect$$libinit$$0000000C)
    .ARM.Collect$$libinit$$0000000E          0x08000262   Section        0  libinit2.o(.ARM.Collect$$libinit$$0000000E)
    .ARM.Collect$$libinit$$00000010          0x08000262   Section        0  libinit2.o(.ARM.Collect$$libinit$$00000010)
    .ARM.Collect$$libinit$$00000013          0x08000262   Section        0  libinit2.o(.ARM.Collect$$libinit$$00000013)
    .ARM.Collect$$libinit$$00000015          0x08000262   Section        0  libinit2.o(.ARM.Collect$$libinit$$00000015)
    .ARM.Collect$$libinit$$00000017          0x08000262   Section        0  libinit2.o(.ARM.Collect$$libinit$$00000017)
    .ARM.Collect$$libinit$$00000019          0x08000262   Section        0  libinit2.o(.ARM.Collect$$libinit$$00000019)
    .ARM.Collect$$libinit$$0000001B          0x08000262   Section        0  libinit2.o(.ARM.Collect$$libinit$$0000001B)
    .ARM.Collect$$libinit$$0000001D          0x08000262   Section        0  libinit2.o(.ARM.Collect$$libinit$$0000001D)
    .ARM.Collect$$libinit$$0000001F          0x08000262   Section        0  libinit2.o(.ARM.Collect$$libinit$$0000001F)
    .ARM.Collect$$libinit$$00000021          0x08000262   Section        0  libinit2.o(.ARM.Collect$$libinit$$00000021)
    .ARM.Collect$$libinit$$00000023          0x08000262   Section        0  libinit2.o(.ARM.Collect$$libinit$$00000023)
    .ARM.Collect$$libinit$$00000025          0x08000262   Section        0  libinit2.o(.ARM.Collect$$libinit$$00000025)
    .ARM.Collect$$libinit$$00000027          0x08000262   Section        0  libinit2.o(.ARM.Collect$$libinit$$00000027)
    .ARM.Collect$$libinit$$0000002E          0x08000262   Section        0  libinit2.o(.ARM.Collect$$libinit$$0000002E)
    .ARM.Collect$$libinit$$00000030          0x08000262   Section        0  libinit2.o(.ARM.Collect$$libinit$$00000030)
    .ARM.Collect$$libinit$$00000032          0x08000262   Section        0  libinit2.o(.ARM.Collect$$libinit$$00000032)
    .ARM.Collect$$libinit$$00000034          0x08000262   Section        0  libinit2.o(.ARM.Collect$$libinit$$00000034)
    .ARM.Collect$$libinit$$00000035          0x08000262   Section        2  libinit2.o(.ARM.Collect$$libinit$$00000035)
    .ARM.Collect$$libshutdown$$00000000      0x08000264   Section        2  libshutdown.o(.ARM.Collect$$libshutdown$$00000000)
    .ARM.Collect$$libshutdown$$00000002      0x08000266   Section        0  libshutdown2.o(.ARM.Collect$$libshutdown$$00000002)
    .ARM.Collect$$libshutdown$$00000004      0x08000266   Section        0  libshutdown2.o(.ARM.Collect$$libshutdown$$00000004)
    .ARM.Collect$$libshutdown$$00000007      0x08000266   Section        0  libshutdown2.o(.ARM.Collect$$libshutdown$$00000007)
    .ARM.Collect$$libshutdown$$0000000A      0x08000266   Section        0  libshutdown2.o(.ARM.Collect$$libshutdown$$0000000A)
    .ARM.Collect$$libshutdown$$0000000C      0x08000266   Section        0  libshutdown2.o(.ARM.Collect$$libshutdown$$0000000C)
    .ARM.Collect$$libshutdown$$0000000F      0x08000266   Section        0  libshutdown2.o(.ARM.Collect$$libshutdown$$0000000F)
    .ARM.Collect$$libshutdown$$00000010      0x08000266   Section        2  libshutdown2.o(.ARM.Collect$$libshutdown$$00000010)
    .ARM.Collect$$rtentry$$00000000          0x08000268   Section        0  __rtentry.o(.ARM.Collect$$rtentry$$00000000)
    .ARM.Collect$$rtentry$$00000002          0x08000268   Section        0  __rtentry2.o(.ARM.Collect$$rtentry$$00000002)
    .ARM.Collect$$rtentry$$00000004          0x08000268   Section        6  __rtentry4.o(.ARM.Collect$$rtentry$$00000004)
    .ARM.Collect$$rtentry$$00000009          0x0800026e   Section        0  __rtentry2.o(.ARM.Collect$$rtentry$$00000009)
    .ARM.Collect$$rtentry$$0000000A          0x0800026e   Section        4  __rtentry2.o(.ARM.Collect$$rtentry$$0000000A)
    .ARM.Collect$$rtentry$$0000000C          0x08000272   Section        0  __rtentry2.o(.ARM.Collect$$rtentry$$0000000C)
    .ARM.Collect$$rtentry$$0000000D          0x08000272   Section        8  __rtentry2.o(.ARM.Collect$$rtentry$$0000000D)
    .ARM.Collect$$rtexit$$00000000           0x0800027a   Section        2  rtexit.o(.ARM.Collect$$rtexit$$00000000)
    .ARM.Collect$$rtexit$$00000002           0x0800027c   Section        0  rtexit2.o(.ARM.Collect$$rtexit$$00000002)
    .ARM.Collect$$rtexit$$00000003           0x0800027c   Section        4  rtexit2.o(.ARM.Collect$$rtexit$$00000003)
    .ARM.Collect$$rtexit$$00000004           0x08000280   Section        6  rtexit2.o(.ARM.Collect$$rtexit$$00000004)
    $v0                                      0x08000288   Number         0  startup_stm32g431xx.o(.text)
    .text                                    0x08000288   Section       64  startup_stm32g431xx.o(.text)
    .text                                    0x080002c8   Section        0  heapauxi.o(.text)
    .text                                    0x080002ce   Section        0  _rserrno.o(.text)
    .text                                    0x080002e4   Section        8  rt_errno_addr_intlibspace.o(.text)
    .text                                    0x080002ec   Section        8  libspace.o(.text)
    .text                                    0x080002f4   Section       74  sys_stackheap_outer.o(.text)
    .text                                    0x0800033e   Section        0  exit.o(.text)
    .text                                    0x08000350   Section        0  sys_exit.o(.text)
    .text                                    0x0800035c   Section        2  use_no_semi.o(.text)
    .text                                    0x0800035e   Section        0  indicate_semi.o(.text)
    [Anonymous Symbol]                       0x08000360   Section        0  debug.o(.text.Debug_Buf_Flush)
    [Anonymous Symbol]                       0x080003a8   Section        0  debug.o(.text.Debug_Buf_Get)
    [Anonymous Symbol]                       0x080003c4   Section        0  debug.o(.text.Debug_Buf_Get_Index)
    [Anonymous Symbol]                       0x080003d4   Section        0  debug.o(.text.Debug_CRC_Calculate_Block)
    [Anonymous Symbol]                       0x08000424   Section        0  debug.o(.text.Debug_CRC_Calculate_Byte)
    [Anonymous Symbol]                       0x080004b8   Section        0  debug.o(.text.Debug_Clear_Interrupt_Flag)
    [Anonymous Symbol]                       0x080004bc   Section        0  debug.o(.text.Debug_Config_BAUD_Rate)
    [Anonymous Symbol]                       0x08000500   Section        0  debug.o(.text.Debug_Config_Clock)
    [Anonymous Symbol]                       0x08000514   Section        0  debug.o(.text.Debug_Config_GPIO)
    [Anonymous Symbol]                       0x080005a0   Section        0  debug.o(.text.Debug_Config_Tx)
    [Anonymous Symbol]                       0x080005d0   Section        0  debug.o(.text.Debug_Data_Len_Get)
    [Anonymous Symbol]                       0x080005d8   Section        0  debug.o(.text.Debug_ISR_Handler)
    [Anonymous Symbol]                       0x08000668   Section        0  debug.o(.text.Debug_Init)
    [Anonymous Symbol]                       0x08000698   Section        0  debug.o(.text.Debug_RX_Packet_CRC_Check)
    [Anonymous Symbol]                       0x08000764   Section        0  debug.o(.text.Debug_RX_Packet_Struct_Init)
    [Anonymous Symbol]                       0x08000788   Section        0  debug.o(.text.Debug_Rx_Byte)
    [Anonymous Symbol]                       0x080007a8   Section        0  debug.o(.text.Debug_Struct_Init)
    [Anonymous Symbol]                       0x08000894   Section        0  debug.o(.text.Debug_Timer_Clear_Interrupt_Flag)
    [Anonymous Symbol]                       0x080008b0   Section        0  debug.o(.text.Debug_Timer_Disable)
    [Anonymous Symbol]                       0x080008c4   Section        0  debug.o(.text.Debug_Timer_Enable)
    [Anonymous Symbol]                       0x080008d8   Section        0  debug.o(.text.Debug_Timer_ISR_Handler)
    [Anonymous Symbol]                       0x08000978   Section        0  debug.o(.text.Debug_Timer_Init)
    [Anonymous Symbol]                       0x080009cc   Section        0  debug.o(.text.Debug_Timer_Struct_Init)
    [Anonymous Symbol]                       0x080009e0   Section        0  debug.o(.text.Debug_Timer_Value_Reset)
    [Anonymous Symbol]                       0x080009f0   Section        0  driver_spwm.o(.text.Driver_SPWM_GPIO_Init)
    [Anonymous Symbol]                       0x08000b24   Section        0  driver_spwm.o(.text.Driver_SPWM_Set_Val)
    [Anonymous Symbol]                       0x08000b74   Section        0  driver_spwm.o(.text.Driver_SPWM_Sine_Table_Init)
    [Anonymous Symbol]                       0x08000c30   Section        0  driver_spwm.o(.text.Driver_SPWM_Timer_Init)
    [Anonymous Symbol]                       0x08000d8c   Section        0  led.o(.text.LED_Init)
    [Anonymous Symbol]                       0x08000dc8   Section        0  pot.o(.text.Pot_ADC_Init)
    [Anonymous Symbol]                       0x08000e54   Section        0  pot.o(.text.Pot_GPIO_Init)
    [Anonymous Symbol]                       0x08000e78   Section        0  pot.o(.text.Pot_Init)
    [Anonymous Symbol]                       0x08000e84   Section        0  system_stm32g4xx.o(.text.SystemInit)
    [Anonymous Symbol]                       0x08000e98   Section        0  debug.o(.text.TIM7_IRQHandler)
    [Anonymous Symbol]                       0x08000ea0   Section        0  debug.o(.text.USART2_IRQHandler)
    __NVIC_EnableIRQ                         0x08000ea9   Thumb Code    48  debug.o(.text.__NVIC_EnableIRQ)
    [Anonymous Symbol]                       0x08000ea8   Section        0  debug.o(.text.__NVIC_EnableIRQ)
    __NVIC_SetPriority                       0x08000ed9   Thumb Code    66  debug.o(.text.__NVIC_SetPriority)
    [Anonymous Symbol]                       0x08000ed8   Section        0  debug.o(.text.__NVIC_SetPriority)
    [Anonymous Symbol]                       0x08000f1c   Section        0  main.o(.text.main)
    i.__ARM_fpclassifyf                      0x08001002   Section        0  fpclassifyf.o(i.__ARM_fpclassifyf)
    i.__hardfp_sinf                          0x08001028   Section        0  sinf.o(i.__hardfp_sinf)
    i.__mathlib_flt_infnan                   0x080011b8   Section        0  funder.o(i.__mathlib_flt_infnan)
    i.__mathlib_flt_invalid                  0x080011c0   Section        0  funder.o(i.__mathlib_flt_invalid)
    i.__mathlib_flt_underflow                0x080011d0   Section        0  funder.o(i.__mathlib_flt_underflow)
    i.__mathlib_rredf2                       0x080011e0   Section        0  rredf.o(i.__mathlib_rredf2)
    $v0                                      0x08001334   Number         0  fpinit.o(x$fpl$fpinit)
    x$fpl$fpinit                             0x08001334   Section       26  fpinit.o(x$fpl$fpinit)
    x$fpl$usenofp                            0x0800134e   Section        0  usenofp.o(x$fpl$usenofp)
    twooverpi                                0x08001350   Data          32  rredf.o(.constdata)
    .constdata                               0x08001350   Section       32  rredf.o(.constdata)
    .bss                                     0x20000000   Section       96  libspace.o(.bss)
    Debug                                    0x20000060   Data         192  debug.o(.bss.Debug)
    [Anonymous Symbol]                       0x20000060   Section        0  debug.o(.bss.Debug)
    Heap_Mem                                 0x200006c8   Data         512  startup_stm32g431xx.o(HEAP)
    HEAP                                     0x200006c8   Section      512  startup_stm32g431xx.o(HEAP)
    Stack_Mem                                0x200008c8   Data        1024  startup_stm32g431xx.o(STACK)
    STACK                                    0x200008c8   Section     1024  startup_stm32g431xx.o(STACK)
    __initial_sp                             0x20000cc8   Data           0  startup_stm32g431xx.o(STACK)

    Global Symbols

    Symbol Name                              Value     Ov Type        Size  Object(Section)

    BuildAttributes$$THM_ISAv4$E$P$D$K$B$S$7EM$VFPi3$EXTD16$VFPS$VFMA$PE$A:L22UL41UL21$X:L11$S22US41US21$IEEE1$IW$~IW$USESV6$~STKCKD$USESV7$~SHL$OTIME$ROPI$IEEEX$EBA8$UX$STANDARDLIB$REQ8$PRES8$EABIv2 0x00000000   Number         0  anon$$obj.o ABSOLUTE
    __ARM_exceptions_init                     - Undefined Weak Reference
    __alloca_initialize                       - Undefined Weak Reference
    __arm_preinit_                            - Undefined Weak Reference
    __arm_relocate_pie_                       - Undefined Weak Reference
    __cpp_initialize__aeabi_                  - Undefined Weak Reference
    __cxa_finalize                            - Undefined Weak Reference
    __rt_locale                               - Undefined Weak Reference
    __sigvec_lookup                           - Undefined Weak Reference
    _atexit_init                              - Undefined Weak Reference
    _call_atexit_fns                          - Undefined Weak Reference
    _clock_init                               - Undefined Weak Reference
    _fp_trap_init                             - Undefined Weak Reference
    _fp_trap_shutdown                         - Undefined Weak Reference
    _get_lc_collate                           - Undefined Weak Reference
    _get_lc_ctype                             - Undefined Weak Reference
    _get_lc_monetary                          - Undefined Weak Reference
    _get_lc_numeric                           - Undefined Weak Reference
    _get_lc_time                              - Undefined Weak Reference
    _getenv_init                              - Undefined Weak Reference
    _handle_redirection                       - Undefined Weak Reference
    _init_alloc                               - Undefined Weak Reference
    _init_user_alloc                          - Undefined Weak Reference
    _initio                                   - Undefined Weak Reference
    _rand_init                                - Undefined Weak Reference
    _signal_finish                            - Undefined Weak Reference
    _signal_init                              - Undefined Weak Reference
    _terminate_alloc                          - Undefined Weak Reference
    _terminate_user_alloc                     - Undefined Weak Reference
    _terminateio                              - Undefined Weak Reference
    __Vectors_Size                           0x000001d8   Number         0  startup_stm32g431xx.o ABSOLUTE
    __Vectors                                0x08000000   Data           4  startup_stm32g431xx.o(RESET)
    __Vectors_End                            0x080001d8   Data           0  startup_stm32g431xx.o(RESET)
    __main                                   0x080001d9   Thumb Code     8  __main.o(!!!main)
    __scatterload                            0x080001e1   Thumb Code     0  __scatter.o(!!!scatter)
    __scatterload_rt2                        0x080001e1   Thumb Code    84  __scatter.o(!!!scatter)
    __scatterload_rt2_thumb_only             0x080001e1   Thumb Code     0  __scatter.o(!!!scatter)
    __scatterload_loop                       0x080001eb   Thumb Code     0  __scatter.o(!!!scatter)
    __scatterload_null                       0x0800023d   Thumb Code     2  __scatter.o(!!handler_null)
    __scatterload_zeroinit                   0x08000241   Thumb Code    28  __scatter_zi.o(!!handler_zi)
    __rt_lib_init                            0x0800025d   Thumb Code     0  libinit.o(.ARM.Collect$$libinit$$00000000)
    __rt_lib_init_fp_1                       0x0800025f   Thumb Code     0  libinit2.o(.ARM.Collect$$libinit$$00000001)
    __rt_lib_init_alloca_1                   0x08000263   Thumb Code     0  libinit2.o(.ARM.Collect$$libinit$$00000030)
    __rt_lib_init_argv_1                     0x08000263   Thumb Code     0  libinit2.o(.ARM.Collect$$libinit$$0000002E)
    __rt_lib_init_atexit_1                   0x08000263   Thumb Code     0  libinit2.o(.ARM.Collect$$libinit$$0000001D)
    __rt_lib_init_clock_1                    0x08000263   Thumb Code     0  libinit2.o(.ARM.Collect$$libinit$$00000023)
    __rt_lib_init_cpp_1                      0x08000263   Thumb Code     0  libinit2.o(.ARM.Collect$$libinit$$00000034)
    __rt_lib_init_exceptions_1               0x08000263   Thumb Code     0  libinit2.o(.ARM.Collect$$libinit$$00000032)
    __rt_lib_init_fp_trap_1                  0x08000263   Thumb Code     0  libinit2.o(.ARM.Collect$$libinit$$00000021)
    __rt_lib_init_getenv_1                   0x08000263   Thumb Code     0  libinit2.o(.ARM.Collect$$libinit$$00000025)
    __rt_lib_init_heap_1                     0x08000263   Thumb Code     0  libinit2.o(.ARM.Collect$$libinit$$0000000C)
    __rt_lib_init_lc_collate_1               0x08000263   Thumb Code     0  libinit2.o(.ARM.Collect$$libinit$$00000013)
    __rt_lib_init_lc_ctype_1                 0x08000263   Thumb Code     0  libinit2.o(.ARM.Collect$$libinit$$00000015)
    __rt_lib_init_lc_monetary_1              0x08000263   Thumb Code     0  libinit2.o(.ARM.Collect$$libinit$$00000017)
    __rt_lib_init_lc_numeric_1               0x08000263   Thumb Code     0  libinit2.o(.ARM.Collect$$libinit$$00000019)
    __rt_lib_init_lc_time_1                  0x08000263   Thumb Code     0  libinit2.o(.ARM.Collect$$libinit$$0000001B)
    __rt_lib_init_preinit_1                  0x08000263   Thumb Code     0  libinit2.o(.ARM.Collect$$libinit$$00000006)
    __rt_lib_init_rand_1                     0x08000263   Thumb Code     0  libinit2.o(.ARM.Collect$$libinit$$00000010)
    __rt_lib_init_relocate_pie_1             0x08000263   Thumb Code     0  libinit2.o(.ARM.Collect$$libinit$$00000004)
    __rt_lib_init_return                     0x08000263   Thumb Code     0  libinit2.o(.ARM.Collect$$libinit$$00000035)
    __rt_lib_init_signal_1                   0x08000263   Thumb Code     0  libinit2.o(.ARM.Collect$$libinit$$0000001F)
    __rt_lib_init_stdio_1                    0x08000263   Thumb Code     0  libinit2.o(.ARM.Collect$$libinit$$00000027)
    __rt_lib_init_user_alloc_1               0x08000263   Thumb Code     0  libinit2.o(.ARM.Collect$$libinit$$0000000E)
    __rt_lib_shutdown                        0x08000265   Thumb Code     0  libshutdown.o(.ARM.Collect$$libshutdown$$00000000)
    __rt_lib_shutdown_cpp_1                  0x08000267   Thumb Code     0  libshutdown2.o(.ARM.Collect$$libshutdown$$00000002)
    __rt_lib_shutdown_fp_trap_1              0x08000267   Thumb Code     0  libshutdown2.o(.ARM.Collect$$libshutdown$$00000007)
    __rt_lib_shutdown_heap_1                 0x08000267   Thumb Code     0  libshutdown2.o(.ARM.Collect$$libshutdown$$0000000F)
    __rt_lib_shutdown_return                 0x08000267   Thumb Code     0  libshutdown2.o(.ARM.Collect$$libshutdown$$00000010)
    __rt_lib_shutdown_signal_1               0x08000267   Thumb Code     0  libshutdown2.o(.ARM.Collect$$libshutdown$$0000000A)
    __rt_lib_shutdown_stdio_1                0x08000267   Thumb Code     0  libshutdown2.o(.ARM.Collect$$libshutdown$$00000004)
    __rt_lib_shutdown_user_alloc_1           0x08000267   Thumb Code     0  libshutdown2.o(.ARM.Collect$$libshutdown$$0000000C)
    __rt_entry                               0x08000269   Thumb Code     0  __rtentry.o(.ARM.Collect$$rtentry$$00000000)
    __rt_entry_presh_1                       0x08000269   Thumb Code     0  __rtentry2.o(.ARM.Collect$$rtentry$$00000002)
    __rt_entry_sh                            0x08000269   Thumb Code     0  __rtentry4.o(.ARM.Collect$$rtentry$$00000004)
    __rt_entry_li                            0x0800026f   Thumb Code     0  __rtentry2.o(.ARM.Collect$$rtentry$$0000000A)
    __rt_entry_postsh_1                      0x0800026f   Thumb Code     0  __rtentry2.o(.ARM.Collect$$rtentry$$00000009)
    __rt_entry_main                          0x08000273   Thumb Code     0  __rtentry2.o(.ARM.Collect$$rtentry$$0000000D)
    __rt_entry_postli_1                      0x08000273   Thumb Code     0  __rtentry2.o(.ARM.Collect$$rtentry$$0000000C)
    __rt_exit                                0x0800027b   Thumb Code     0  rtexit.o(.ARM.Collect$$rtexit$$00000000)
    __rt_exit_ls                             0x0800027d   Thumb Code     0  rtexit2.o(.ARM.Collect$$rtexit$$00000003)
    __rt_exit_prels_1                        0x0800027d   Thumb Code     0  rtexit2.o(.ARM.Collect$$rtexit$$00000002)
    __rt_exit_exit                           0x08000281   Thumb Code     0  rtexit2.o(.ARM.Collect$$rtexit$$00000004)
    Reset_Handler                            0x08000289   Thumb Code     8  startup_stm32g431xx.o(.text)
    NMI_Handler                              0x08000291   Thumb Code     2  startup_stm32g431xx.o(.text)
    HardFault_Handler                        0x08000293   Thumb Code     2  startup_stm32g431xx.o(.text)
    MemManage_Handler                        0x08000295   Thumb Code     2  startup_stm32g431xx.o(.text)
    BusFault_Handler                         0x08000297   Thumb Code     2  startup_stm32g431xx.o(.text)
    UsageFault_Handler                       0x08000299   Thumb Code     2  startup_stm32g431xx.o(.text)
    SVC_Handler                              0x0800029b   Thumb Code     2  startup_stm32g431xx.o(.text)
    DebugMon_Handler                         0x0800029d   Thumb Code     2  startup_stm32g431xx.o(.text)
    PendSV_Handler                           0x0800029f   Thumb Code     2  startup_stm32g431xx.o(.text)
    SysTick_Handler                          0x080002a1   Thumb Code     2  startup_stm32g431xx.o(.text)
    ADC1_2_IRQHandler                        0x080002a3   Thumb Code     0  startup_stm32g431xx.o(.text)
    COMP1_2_3_IRQHandler                     0x080002a3   Thumb Code     0  startup_stm32g431xx.o(.text)
    COMP4_IRQHandler                         0x080002a3   Thumb Code     0  startup_stm32g431xx.o(.text)
    CORDIC_IRQHandler                        0x080002a3   Thumb Code     0  startup_stm32g431xx.o(.text)
    CRS_IRQHandler                           0x080002a3   Thumb Code     0  startup_stm32g431xx.o(.text)
    DMA1_Channel1_IRQHandler                 0x080002a3   Thumb Code     0  startup_stm32g431xx.o(.text)
    DMA1_Channel2_IRQHandler                 0x080002a3   Thumb Code     0  startup_stm32g431xx.o(.text)
    DMA1_Channel3_IRQHandler                 0x080002a3   Thumb Code     0  startup_stm32g431xx.o(.text)
    DMA1_Channel4_IRQHandler                 0x080002a3   Thumb Code     0  startup_stm32g431xx.o(.text)
    DMA1_Channel5_IRQHandler                 0x080002a3   Thumb Code     0  startup_stm32g431xx.o(.text)
    DMA1_Channel6_IRQHandler                 0x080002a3   Thumb Code     0  startup_stm32g431xx.o(.text)
    DMA2_Channel1_IRQHandler                 0x080002a3   Thumb Code     0  startup_stm32g431xx.o(.text)
    DMA2_Channel2_IRQHandler                 0x080002a3   Thumb Code     0  startup_stm32g431xx.o(.text)
    DMA2_Channel3_IRQHandler                 0x080002a3   Thumb Code     0  startup_stm32g431xx.o(.text)
    DMA2_Channel4_IRQHandler                 0x080002a3   Thumb Code     0  startup_stm32g431xx.o(.text)
    DMA2_Channel5_IRQHandler                 0x080002a3   Thumb Code     0  startup_stm32g431xx.o(.text)
    DMA2_Channel6_IRQHandler                 0x080002a3   Thumb Code     0  startup_stm32g431xx.o(.text)
    DMAMUX_OVR_IRQHandler                    0x080002a3   Thumb Code     0  startup_stm32g431xx.o(.text)
    EXTI0_IRQHandler                         0x080002a3   Thumb Code     0  startup_stm32g431xx.o(.text)
    EXTI15_10_IRQHandler                     0x080002a3   Thumb Code     0  startup_stm32g431xx.o(.text)
    EXTI1_IRQHandler                         0x080002a3   Thumb Code     0  startup_stm32g431xx.o(.text)
    EXTI2_IRQHandler                         0x080002a3   Thumb Code     0  startup_stm32g431xx.o(.text)
    EXTI3_IRQHandler                         0x080002a3   Thumb Code     0  startup_stm32g431xx.o(.text)
    EXTI4_IRQHandler                         0x080002a3   Thumb Code     0  startup_stm32g431xx.o(.text)
    EXTI9_5_IRQHandler                       0x080002a3   Thumb Code     0  startup_stm32g431xx.o(.text)
    FDCAN1_IT0_IRQHandler                    0x080002a3   Thumb Code     0  startup_stm32g431xx.o(.text)
    FDCAN1_IT1_IRQHandler                    0x080002a3   Thumb Code     0  startup_stm32g431xx.o(.text)
    FLASH_IRQHandler                         0x080002a3   Thumb Code     0  startup_stm32g431xx.o(.text)
    FMAC_IRQHandler                          0x080002a3   Thumb Code     0  startup_stm32g431xx.o(.text)
    FPU_IRQHandler                           0x080002a3   Thumb Code     0  startup_stm32g431xx.o(.text)
    I2C1_ER_IRQHandler                       0x080002a3   Thumb Code     0  startup_stm32g431xx.o(.text)
    I2C1_EV_IRQHandler                       0x080002a3   Thumb Code     0  startup_stm32g431xx.o(.text)
    I2C2_ER_IRQHandler                       0x080002a3   Thumb Code     0  startup_stm32g431xx.o(.text)
    I2C2_EV_IRQHandler                       0x080002a3   Thumb Code     0  startup_stm32g431xx.o(.text)
    I2C3_ER_IRQHandler                       0x080002a3   Thumb Code     0  startup_stm32g431xx.o(.text)
    I2C3_EV_IRQHandler                       0x080002a3   Thumb Code     0  startup_stm32g431xx.o(.text)
    LPTIM1_IRQHandler                        0x080002a3   Thumb Code     0  startup_stm32g431xx.o(.text)
    LPUART1_IRQHandler                       0x080002a3   Thumb Code     0  startup_stm32g431xx.o(.text)
    PVD_PVM_IRQHandler                       0x080002a3   Thumb Code     0  startup_stm32g431xx.o(.text)
    RCC_IRQHandler                           0x080002a3   Thumb Code     0  startup_stm32g431xx.o(.text)
    RNG_IRQHandler                           0x080002a3   Thumb Code     0  startup_stm32g431xx.o(.text)
    RTC_Alarm_IRQHandler                     0x080002a3   Thumb Code     0  startup_stm32g431xx.o(.text)
    RTC_TAMP_LSECSS_IRQHandler               0x080002a3   Thumb Code     0  startup_stm32g431xx.o(.text)
    RTC_WKUP_IRQHandler                      0x080002a3   Thumb Code     0  startup_stm32g431xx.o(.text)
    SAI1_IRQHandler                          0x080002a3   Thumb Code     0  startup_stm32g431xx.o(.text)
    SPI1_IRQHandler                          0x080002a3   Thumb Code     0  startup_stm32g431xx.o(.text)
    SPI2_IRQHandler                          0x080002a3   Thumb Code     0  startup_stm32g431xx.o(.text)
    SPI3_IRQHandler                          0x080002a3   Thumb Code     0  startup_stm32g431xx.o(.text)
    TIM1_BRK_TIM15_IRQHandler                0x080002a3   Thumb Code     0  startup_stm32g431xx.o(.text)
    TIM1_CC_IRQHandler                       0x080002a3   Thumb Code     0  startup_stm32g431xx.o(.text)
    TIM1_TRG_COM_TIM17_IRQHandler            0x080002a3   Thumb Code     0  startup_stm32g431xx.o(.text)
    TIM1_UP_TIM16_IRQHandler                 0x080002a3   Thumb Code     0  startup_stm32g431xx.o(.text)
    TIM2_IRQHandler                          0x080002a3   Thumb Code     0  startup_stm32g431xx.o(.text)
    TIM3_IRQHandler                          0x080002a3   Thumb Code     0  startup_stm32g431xx.o(.text)
    TIM4_IRQHandler                          0x080002a3   Thumb Code     0  startup_stm32g431xx.o(.text)
    TIM6_DAC_IRQHandler                      0x080002a3   Thumb Code     0  startup_stm32g431xx.o(.text)
    TIM8_BRK_IRQHandler                      0x080002a3   Thumb Code     0  startup_stm32g431xx.o(.text)
    TIM8_CC_IRQHandler                       0x080002a3   Thumb Code     0  startup_stm32g431xx.o(.text)
    TIM8_TRG_COM_IRQHandler                  0x080002a3   Thumb Code     0  startup_stm32g431xx.o(.text)
    TIM8_UP_IRQHandler                       0x080002a3   Thumb Code     0  startup_stm32g431xx.o(.text)
    UART4_IRQHandler                         0x080002a3   Thumb Code     0  startup_stm32g431xx.o(.text)
    UCPD1_IRQHandler                         0x080002a3   Thumb Code     0  startup_stm32g431xx.o(.text)
    USART1_IRQHandler                        0x080002a3   Thumb Code     0  startup_stm32g431xx.o(.text)
    USART3_IRQHandler                        0x080002a3   Thumb Code     0  startup_stm32g431xx.o(.text)
    USBWakeUp_IRQHandler                     0x080002a3   Thumb Code     0  startup_stm32g431xx.o(.text)
    USB_HP_IRQHandler                        0x080002a3   Thumb Code     0  startup_stm32g431xx.o(.text)
    USB_LP_IRQHandler                        0x080002a3   Thumb Code     0  startup_stm32g431xx.o(.text)
    WWDG_IRQHandler                          0x080002a3   Thumb Code     0  startup_stm32g431xx.o(.text)
    __user_initial_stackheap                 0x080002a5   Thumb Code     0  startup_stm32g431xx.o(.text)
    __use_two_region_memory                  0x080002c9   Thumb Code     2  heapauxi.o(.text)
    __rt_heap_escrow$2region                 0x080002cb   Thumb Code     2  heapauxi.o(.text)
    __rt_heap_expand$2region                 0x080002cd   Thumb Code     2  heapauxi.o(.text)
    __read_errno                             0x080002cf   Thumb Code    10  _rserrno.o(.text)
    __set_errno                              0x080002d9   Thumb Code    12  _rserrno.o(.text)
    __aeabi_errno_addr                       0x080002e5   Thumb Code     8  rt_errno_addr_intlibspace.o(.text)
    __errno$intlibspace                      0x080002e5   Thumb Code     0  rt_errno_addr_intlibspace.o(.text)
    __rt_errno_addr$intlibspace              0x080002e5   Thumb Code     0  rt_errno_addr_intlibspace.o(.text)
    __user_libspace                          0x080002ed   Thumb Code     8  libspace.o(.text)
    __user_perproc_libspace                  0x080002ed   Thumb Code     0  libspace.o(.text)
    __user_perthread_libspace                0x080002ed   Thumb Code     0  libspace.o(.text)
    __user_setup_stackheap                   0x080002f5   Thumb Code    74  sys_stackheap_outer.o(.text)
    exit                                     0x0800033f   Thumb Code    18  exit.o(.text)
    _sys_exit                                0x08000351   Thumb Code     8  sys_exit.o(.text)
    __I$use$semihosting                      0x0800035d   Thumb Code     0  use_no_semi.o(.text)
    __use_no_semihosting_swi                 0x0800035d   Thumb Code     2  use_no_semi.o(.text)
    __semihosting_library_function           0x0800035f   Thumb Code     0  indicate_semi.o(.text)
    Debug_Buf_Flush                          0x08000361   Thumb Code    70  debug.o(.text.Debug_Buf_Flush)
    Debug_Buf_Get                            0x080003a9   Thumb Code    26  debug.o(.text.Debug_Buf_Get)
    Debug_Buf_Get_Index                      0x080003c5   Thumb Code    14  debug.o(.text.Debug_Buf_Get_Index)
    Debug_CRC_Calculate_Block                0x080003d5   Thumb Code    78  debug.o(.text.Debug_CRC_Calculate_Block)
    Debug_CRC_Calculate_Byte                 0x08000425   Thumb Code   148  debug.o(.text.Debug_CRC_Calculate_Byte)
    Debug_Clear_Interrupt_Flag               0x080004b9   Thumb Code     2  debug.o(.text.Debug_Clear_Interrupt_Flag)
    Debug_Config_BAUD_Rate                   0x080004bd   Thumb Code    68  debug.o(.text.Debug_Config_BAUD_Rate)
    Debug_Config_Clock                       0x08000501   Thumb Code    18  debug.o(.text.Debug_Config_Clock)
    Debug_Config_GPIO                        0x08000515   Thumb Code   138  debug.o(.text.Debug_Config_GPIO)
    Debug_Config_Tx                          0x080005a1   Thumb Code    48  debug.o(.text.Debug_Config_Tx)
    Debug_Data_Len_Get                       0x080005d1   Thumb Code     8  debug.o(.text.Debug_Data_Len_Get)
    Debug_ISR_Handler                        0x080005d9   Thumb Code   144  debug.o(.text.Debug_ISR_Handler)
    Debug_Init                               0x08000669   Thumb Code    48  debug.o(.text.Debug_Init)
    Debug_RX_Packet_CRC_Check                0x08000699   Thumb Code   204  debug.o(.text.Debug_RX_Packet_CRC_Check)
    Debug_RX_Packet_Struct_Init              0x08000765   Thumb Code    36  debug.o(.text.Debug_RX_Packet_Struct_Init)
    Debug_Rx_Byte                            0x08000789   Thumb Code    30  debug.o(.text.Debug_Rx_Byte)
    Debug_Struct_Init                        0x080007a9   Thumb Code   234  debug.o(.text.Debug_Struct_Init)
    Debug_Timer_Clear_Interrupt_Flag         0x08000895   Thumb Code    26  debug.o(.text.Debug_Timer_Clear_Interrupt_Flag)
    Debug_Timer_Disable                      0x080008b1   Thumb Code    18  debug.o(.text.Debug_Timer_Disable)
    Debug_Timer_Enable                       0x080008c5   Thumb Code    18  debug.o(.text.Debug_Timer_Enable)
    Debug_Timer_ISR_Handler                  0x080008d9   Thumb Code   158  debug.o(.text.Debug_Timer_ISR_Handler)
    Debug_Timer_Init                         0x08000979   Thumb Code    82  debug.o(.text.Debug_Timer_Init)
    Debug_Timer_Struct_Init                  0x080009cd   Thumb Code    20  debug.o(.text.Debug_Timer_Struct_Init)
    Debug_Timer_Value_Reset                  0x080009e1   Thumb Code    14  debug.o(.text.Debug_Timer_Value_Reset)
    Driver_SPWM_GPIO_Init                    0x080009f1   Thumb Code   306  driver_spwm.o(.text.Driver_SPWM_GPIO_Init)
    Driver_SPWM_Set_Val                      0x08000b25   Thumb Code    80  driver_spwm.o(.text.Driver_SPWM_Set_Val)
    Driver_SPWM_Sine_Table_Init              0x08000b75   Thumb Code   180  driver_spwm.o(.text.Driver_SPWM_Sine_Table_Init)
    Driver_SPWM_Timer_Init                   0x08000c31   Thumb Code   348  driver_spwm.o(.text.Driver_SPWM_Timer_Init)
    LED_Init                                 0x08000d8d   Thumb Code    58  led.o(.text.LED_Init)
    Pot_ADC_Init                             0x08000dc9   Thumb Code   138  pot.o(.text.Pot_ADC_Init)
    Pot_GPIO_Init                            0x08000e55   Thumb Code    34  pot.o(.text.Pot_GPIO_Init)
    Pot_Init                                 0x08000e79   Thumb Code    12  pot.o(.text.Pot_Init)
    SystemInit                               0x08000e85   Thumb Code    18  system_stm32g4xx.o(.text.SystemInit)
    TIM7_IRQHandler                          0x08000e99   Thumb Code     8  debug.o(.text.TIM7_IRQHandler)
    USART2_IRQHandler                        0x08000ea1   Thumb Code     8  debug.o(.text.USART2_IRQHandler)
    main                                     0x08000f1d   Thumb Code   230  main.o(.text.main)
    __ARM_fpclassifyf                        0x08001003   Thumb Code    38  fpclassifyf.o(i.__ARM_fpclassifyf)
    __hardfp_sinf                            0x08001029   Thumb Code   344  sinf.o(i.__hardfp_sinf)
    __mathlib_flt_infnan                     0x080011b9   Thumb Code     6  funder.o(i.__mathlib_flt_infnan)
    __mathlib_flt_invalid                    0x080011c1   Thumb Code    10  funder.o(i.__mathlib_flt_invalid)
    __mathlib_flt_underflow                  0x080011d1   Thumb Code    10  funder.o(i.__mathlib_flt_underflow)
    __mathlib_rredf2                         0x080011e1   Thumb Code   316  rredf.o(i.__mathlib_rredf2)
    _fp_init                                 0x08001335   Thumb Code    26  fpinit.o(x$fpl$fpinit)
    __fplib_config_fpu_vfp                   0x0800134d   Thumb Code     0  fpinit.o(x$fpl$fpinit)
    __fplib_config_pureend_doubles           0x0800134d   Thumb Code     0  fpinit.o(x$fpl$fpinit)
    __I$use$fp                               0x0800134e   Number         0  usenofp.o(x$fpl$usenofp)
    Region$$Table$$Base                      0x08001370   Number         0  anon$$obj.o(Region$$Table)
    Region$$Table$$Limit                     0x08001380   Number         0  anon$$obj.o(Region$$Table)
    __libspace_start                         0x20000000   Data          96  libspace.o(.bss)
    __temporary_stack_top$libspace           0x20000060   Data           0  libspace.o(.bss)
    spwm_sine_table                          0x20000120   Data         722  driver_spwm.o(.bss.spwm_sine_table)
    svpwm_table                              0x200003f2   Data         722  driver_spwm.o(.bss.svpwm_table)



==============================================================================

Memory Map of the image

  Image Entry point : 0x080001d9

  Load Region LR_IROM1 (Base: 0x08000000, Size: 0x00001380, Max: 0x00020000, ABSOLUTE)

    Execution Region ER_IROM1 (Exec base: 0x08000000, Load base: 0x08000000, Size: 0x00001380, Max: 0x00020000, ABSOLUTE)

    Exec Addr    Load Addr    Size         Type   Attr      Idx    E Section Name        Object

    0x08000000   0x08000000   0x000001d8   Data   RO          256    RESET               startup_stm32g431xx.o
    0x080001d8   0x080001d8   0x00000008   Code   RO          281  * !!!main             c_w.l(__main.o)
    0x080001e0   0x080001e0   0x0000005c   Code   RO          479    !!!scatter          c_w.l(__scatter.o)
    0x0800023c   0x0800023c   0x00000002   Code   RO          480    !!handler_null      c_w.l(__scatter.o)
    0x0800023e   0x0800023e   0x00000002   PAD
    0x08000240   0x08000240   0x0000001c   Code   RO          483    !!handler_zi        c_w.l(__scatter_zi.o)
    0x0800025c   0x0800025c   0x00000002   Code   RO          344    .ARM.Collect$$libinit$$00000000  c_w.l(libinit.o)
    0x0800025e   0x0800025e   0x00000004   Code   RO          347    .ARM.Collect$$libinit$$00000001  c_w.l(libinit2.o)
    0x08000262   0x08000262   0x00000000   Code   RO          350    .ARM.Collect$$libinit$$00000004  c_w.l(libinit2.o)
    0x08000262   0x08000262   0x00000000   Code   RO          352    .ARM.Collect$$libinit$$00000006  c_w.l(libinit2.o)
    0x08000262   0x08000262   0x00000000   Code   RO          355    .ARM.Collect$$libinit$$0000000C  c_w.l(libinit2.o)
    0x08000262   0x08000262   0x00000000   Code   RO          357    .ARM.Collect$$libinit$$0000000E  c_w.l(libinit2.o)
    0x08000262   0x08000262   0x00000000   Code   RO          359    .ARM.Collect$$libinit$$00000010  c_w.l(libinit2.o)
    0x08000262   0x08000262   0x00000000   Code   RO          362    .ARM.Collect$$libinit$$00000013  c_w.l(libinit2.o)
    0x08000262   0x08000262   0x00000000   Code   RO          364    .ARM.Collect$$libinit$$00000015  c_w.l(libinit2.o)
    0x08000262   0x08000262   0x00000000   Code   RO          366    .ARM.Collect$$libinit$$00000017  c_w.l(libinit2.o)
    0x08000262   0x08000262   0x00000000   Code   RO          368    .ARM.Collect$$libinit$$00000019  c_w.l(libinit2.o)
    0x08000262   0x08000262   0x00000000   Code   RO          370    .ARM.Collect$$libinit$$0000001B  c_w.l(libinit2.o)
    0x08000262   0x08000262   0x00000000   Code   RO          372    .ARM.Collect$$libinit$$0000001D  c_w.l(libinit2.o)
    0x08000262   0x08000262   0x00000000   Code   RO          374    .ARM.Collect$$libinit$$0000001F  c_w.l(libinit2.o)
    0x08000262   0x08000262   0x00000000   Code   RO          376    .ARM.Collect$$libinit$$00000021  c_w.l(libinit2.o)
    0x08000262   0x08000262   0x00000000   Code   RO          378    .ARM.Collect$$libinit$$00000023  c_w.l(libinit2.o)
    0x08000262   0x08000262   0x00000000   Code   RO          380    .ARM.Collect$$libinit$$00000025  c_w.l(libinit2.o)
    0x08000262   0x08000262   0x00000000   Code   RO          382    .ARM.Collect$$libinit$$00000027  c_w.l(libinit2.o)
    0x08000262   0x08000262   0x00000000   Code   RO          386    .ARM.Collect$$libinit$$0000002E  c_w.l(libinit2.o)
    0x08000262   0x08000262   0x00000000   Code   RO          388    .ARM.Collect$$libinit$$00000030  c_w.l(libinit2.o)
    0x08000262   0x08000262   0x00000000   Code   RO          390    .ARM.Collect$$libinit$$00000032  c_w.l(libinit2.o)
    0x08000262   0x08000262   0x00000000   Code   RO          392    .ARM.Collect$$libinit$$00000034  c_w.l(libinit2.o)
    0x08000262   0x08000262   0x00000002   Code   RO          393    .ARM.Collect$$libinit$$00000035  c_w.l(libinit2.o)
    0x08000264   0x08000264   0x00000002   Code   RO          415    .ARM.Collect$$libshutdown$$00000000  c_w.l(libshutdown.o)
    0x08000266   0x08000266   0x00000000   Code   RO          430    .ARM.Collect$$libshutdown$$00000002  c_w.l(libshutdown2.o)
    0x08000266   0x08000266   0x00000000   Code   RO          432    .ARM.Collect$$libshutdown$$00000004  c_w.l(libshutdown2.o)
    0x08000266   0x08000266   0x00000000   Code   RO          435    .ARM.Collect$$libshutdown$$00000007  c_w.l(libshutdown2.o)
    0x08000266   0x08000266   0x00000000   Code   RO          438    .ARM.Collect$$libshutdown$$0000000A  c_w.l(libshutdown2.o)
    0x08000266   0x08000266   0x00000000   Code   RO          440    .ARM.Collect$$libshutdown$$0000000C  c_w.l(libshutdown2.o)
    0x08000266   0x08000266   0x00000000   Code   RO          443    .ARM.Collect$$libshutdown$$0000000F  c_w.l(libshutdown2.o)
    0x08000266   0x08000266   0x00000002   Code   RO          444    .ARM.Collect$$libshutdown$$00000010  c_w.l(libshutdown2.o)
    0x08000268   0x08000268   0x00000000   Code   RO          289    .ARM.Collect$$rtentry$$00000000  c_w.l(__rtentry.o)
    0x08000268   0x08000268   0x00000000   Code   RO          313    .ARM.Collect$$rtentry$$00000002  c_w.l(__rtentry2.o)
    0x08000268   0x08000268   0x00000006   Code   RO          325    .ARM.Collect$$rtentry$$00000004  c_w.l(__rtentry4.o)
    0x0800026e   0x0800026e   0x00000000   Code   RO          315    .ARM.Collect$$rtentry$$00000009  c_w.l(__rtentry2.o)
    0x0800026e   0x0800026e   0x00000004   Code   RO          316    .ARM.Collect$$rtentry$$0000000A  c_w.l(__rtentry2.o)
    0x08000272   0x08000272   0x00000000   Code   RO          318    .ARM.Collect$$rtentry$$0000000C  c_w.l(__rtentry2.o)
    0x08000272   0x08000272   0x00000008   Code   RO          319    .ARM.Collect$$rtentry$$0000000D  c_w.l(__rtentry2.o)
    0x0800027a   0x0800027a   0x00000002   Code   RO          345    .ARM.Collect$$rtexit$$00000000  c_w.l(rtexit.o)
    0x0800027c   0x0800027c   0x00000000   Code   RO          395    .ARM.Collect$$rtexit$$00000002  c_w.l(rtexit2.o)
    0x0800027c   0x0800027c   0x00000004   Code   RO          396    .ARM.Collect$$rtexit$$00000003  c_w.l(rtexit2.o)
    0x08000280   0x08000280   0x00000006   Code   RO          397    .ARM.Collect$$rtexit$$00000004  c_w.l(rtexit2.o)
    0x08000286   0x08000286   0x00000002   PAD
    0x08000288   0x08000288   0x00000040   Code   RO          257    .text               startup_stm32g431xx.o
    0x080002c8   0x080002c8   0x00000006   Code   RO          279    .text               c_w.l(heapauxi.o)
    0x080002ce   0x080002ce   0x00000016   Code   RO          290    .text               c_w.l(_rserrno.o)
    0x080002e4   0x080002e4   0x00000008   Code   RO          330    .text               c_w.l(rt_errno_addr_intlibspace.o)
    0x080002ec   0x080002ec   0x00000008   Code   RO          332    .text               c_w.l(libspace.o)
    0x080002f4   0x080002f4   0x0000004a   Code   RO          335    .text               c_w.l(sys_stackheap_outer.o)
    0x0800033e   0x0800033e   0x00000012   Code   RO          337    .text               c_w.l(exit.o)
    0x08000350   0x08000350   0x0000000c   Code   RO          405    .text               c_w.l(sys_exit.o)
    0x0800035c   0x0800035c   0x00000002   Code   RO          420    .text               c_w.l(use_no_semi.o)
    0x0800035e   0x0800035e   0x00000000   Code   RO          422    .text               c_w.l(indicate_semi.o)
    0x0800035e   0x0800035e   0x00000002   PAD
    0x08000360   0x08000360   0x00000046   Code   RO          188    .text.Debug_Buf_Flush  debug.o
    0x080003a6   0x080003a6   0x00000002   PAD
    0x080003a8   0x080003a8   0x0000001a   Code   RO          192    .text.Debug_Buf_Get  debug.o
    0x080003c2   0x080003c2   0x00000002   PAD
    0x080003c4   0x080003c4   0x0000000e   Code   RO          194    .text.Debug_Buf_Get_Index  debug.o
    0x080003d2   0x080003d2   0x00000002   PAD
    0x080003d4   0x080003d4   0x0000004e   Code   RO          226    .text.Debug_CRC_Calculate_Block  debug.o
    0x08000422   0x08000422   0x00000002   PAD
    0x08000424   0x08000424   0x00000094   Code   RO          224    .text.Debug_CRC_Calculate_Byte  debug.o
    0x080004b8   0x080004b8   0x00000002   Code   RO           96    .text.Debug_Clear_Interrupt_Flag  debug.o
    0x080004ba   0x080004ba   0x00000002   PAD
    0x080004bc   0x080004bc   0x00000044   Code   RO           84    .text.Debug_Config_BAUD_Rate  debug.o
    0x08000500   0x08000500   0x00000012   Code   RO           82    .text.Debug_Config_Clock  debug.o
    0x08000512   0x08000512   0x00000002   PAD
    0x08000514   0x08000514   0x0000008a   Code   RO           80    .text.Debug_Config_GPIO  debug.o
    0x0800059e   0x0800059e   0x00000002   PAD
    0x080005a0   0x080005a0   0x00000030   Code   RO           86    .text.Debug_Config_Tx  debug.o
    0x080005d0   0x080005d0   0x00000008   Code   RO          198    .text.Debug_Data_Len_Get  debug.o
    0x080005d8   0x080005d8   0x00000090   Code   RO          104    .text.Debug_ISR_Handler  debug.o
    0x08000668   0x08000668   0x00000030   Code   RO          230    .text.Debug_Init    debug.o
    0x08000698   0x08000698   0x000000cc   Code   RO          222    .text.Debug_RX_Packet_CRC_Check  debug.o
    0x08000764   0x08000764   0x00000024   Code   RO           78    .text.Debug_RX_Packet_Struct_Init  debug.o
    0x08000788   0x08000788   0x0000001e   Code   RO          100    .text.Debug_Rx_Byte  debug.o
    0x080007a6   0x080007a6   0x00000002   PAD
    0x080007a8   0x080007a8   0x000000ea   Code   RO           76    .text.Debug_Struct_Init  debug.o
    0x08000892   0x08000892   0x00000002   PAD
    0x08000894   0x08000894   0x0000001a   Code   RO          120    .text.Debug_Timer_Clear_Interrupt_Flag  debug.o
    0x080008ae   0x080008ae   0x00000002   PAD
    0x080008b0   0x080008b0   0x00000012   Code   RO          112    .text.Debug_Timer_Disable  debug.o
    0x080008c2   0x080008c2   0x00000002   PAD
    0x080008c4   0x080008c4   0x00000012   Code   RO          110    .text.Debug_Timer_Enable  debug.o
    0x080008d6   0x080008d6   0x00000002   PAD
    0x080008d8   0x080008d8   0x0000009e   Code   RO          124    .text.Debug_Timer_ISR_Handler  debug.o
    0x08000976   0x08000976   0x00000002   PAD
    0x08000978   0x08000978   0x00000052   Code   RO          108    .text.Debug_Timer_Init  debug.o
    0x080009ca   0x080009ca   0x00000002   PAD
    0x080009cc   0x080009cc   0x00000014   Code   RO          106    .text.Debug_Timer_Struct_Init  debug.o
    0x080009e0   0x080009e0   0x0000000e   Code   RO          118    .text.Debug_Timer_Value_Reset  debug.o
    0x080009ee   0x080009ee   0x00000002   PAD
    0x080009f0   0x080009f0   0x00000132   Code   RO           59    .text.Driver_SPWM_GPIO_Init  driver_spwm.o
    0x08000b22   0x08000b22   0x00000002   PAD
    0x08000b24   0x08000b24   0x00000050   Code   RO           65    .text.Driver_SPWM_Set_Val  driver_spwm.o
    0x08000b74   0x08000b74   0x000000bc   Code   RO           63    .text.Driver_SPWM_Sine_Table_Init  driver_spwm.o
    0x08000c30   0x08000c30   0x0000015c   Code   RO           61    .text.Driver_SPWM_Timer_Init  driver_spwm.o
    0x08000d8c   0x08000d8c   0x0000003a   Code   RO           15    .text.LED_Init      led.o
    0x08000dc6   0x08000dc6   0x00000002   PAD
    0x08000dc8   0x08000dc8   0x0000008a   Code   RO          242    .text.Pot_ADC_Init  pot.o
    0x08000e52   0x08000e52   0x00000002   PAD
    0x08000e54   0x08000e54   0x00000022   Code   RO          240    .text.Pot_GPIO_Init  pot.o
    0x08000e76   0x08000e76   0x00000002   PAD
    0x08000e78   0x08000e78   0x0000000c   Code   RO          244    .text.Pot_Init      pot.o
    0x08000e84   0x08000e84   0x00000012   Code   RO          264    .text.SystemInit    system_stm32g4xx.o
    0x08000e96   0x08000e96   0x00000002   PAD
    0x08000e98   0x08000e98   0x00000008   Code   RO          122    .text.TIM7_IRQHandler  debug.o
    0x08000ea0   0x08000ea0   0x00000008   Code   RO          102    .text.USART2_IRQHandler  debug.o
    0x08000ea8   0x08000ea8   0x00000030   Code   RO           92    .text.__NVIC_EnableIRQ  debug.o
    0x08000ed8   0x08000ed8   0x00000042   Code   RO           94    .text.__NVIC_SetPriority  debug.o
    0x08000f1a   0x08000f1a   0x00000002   PAD
    0x08000f1c   0x08000f1c   0x000000e6   Code   RO            2    .text.main          main.o
    0x08001002   0x08001002   0x00000026   Code   RO          293    i.__ARM_fpclassifyf  m_wm.l(fpclassifyf.o)
    0x08001028   0x08001028   0x00000190   Code   RO          283    i.__hardfp_sinf     m_wm.l(sinf.o)
    0x080011b8   0x080011b8   0x00000006   Code   RO          296    i.__mathlib_flt_infnan  m_wm.l(funder.o)
    0x080011be   0x080011be   0x00000002   PAD
    0x080011c0   0x080011c0   0x00000010   Code   RO          298    i.__mathlib_flt_invalid  m_wm.l(funder.o)
    0x080011d0   0x080011d0   0x00000010   Code   RO          301    i.__mathlib_flt_underflow  m_wm.l(funder.o)
    0x080011e0   0x080011e0   0x00000154   Code   RO          309    i.__mathlib_rredf2  m_wm.l(rredf.o)
    0x08001334   0x08001334   0x0000001a   Code   RO          403    x$fpl$fpinit        fz_wm.l(fpinit.o)
    0x0800134e   0x0800134e   0x00000000   Code   RO          292    x$fpl$usenofp       fz_wm.l(usenofp.o)
    0x0800134e   0x0800134e   0x00000002   PAD
    0x08001350   0x08001350   0x00000020   Data   RO          310    .constdata          m_wm.l(rredf.o)
    0x08001370   0x08001370   0x00000010   Data   RO          478    Region$$Table       anon$$obj.o


    Execution Region RW_IRAM1 (Exec base: 0x20000000, Load base: 0x08001380, Size: 0x00000cc8, Max: 0x00008000, ABSOLUTE)

    Exec Addr    Load Addr    Size         Type   Attr      Idx    E Section Name        Object

    0x20000000        -       0x00000060   Zero   RW          333    .bss                c_w.l(libspace.o)
    0x20000060        -       0x000000c0   Zero   RW          232    .bss.Debug          debug.o
    0x20000120        -       0x000002d2   Zero   RW           67    .bss.spwm_sine_table  driver_spwm.o
    0x200003f2        -       0x000002d2   Zero   RW           68    .bss.svpwm_table    driver_spwm.o
    0x200006c4   0x08001380   0x00000004   PAD
    0x200006c8        -       0x00000200   Zero   RW          255    HEAP                startup_stm32g431xx.o
    0x200008c8        -       0x00000400   Zero   RW          254    STACK               startup_stm32g431xx.o


==============================================================================

Image component sizes


      Code (inc. data)   RO Data    RW Data    ZI Data      Debug   Object Name

      1780          0          0          0        192      17859   debug.o
       922          8          0          0       1444       3217   driver_spwm.o
        58          0          0          0          0       1919   led.o
       230          0          0          0          0       1023   main.o
       184          0          0          0          0       2985   pot.o
        64         26        472          0       1536        860   startup_stm32g431xx.o
        18          0          0          0          0       2725   system_stm32g4xx.o

    ----------------------------------------------------------------------
      3298         34        488          0       3176      30588   Object Totals
         0          0         16          0          0          0   (incl. Generated)
        42          0          0          0          4          0   (incl. Padding)

    ----------------------------------------------------------------------

      Code (inc. data)   RO Data    RW Data    ZI Data      Debug   Library Member Name

         8          0          0          0          0         68   __main.o
         0          0          0          0          0          0   __rtentry.o
        12          0          0          0          0          0   __rtentry2.o
         6          0          0          0          0          0   __rtentry4.o
        94          8          0          0          0          0   __scatter.o
        28          0          0          0          0          0   __scatter_zi.o
        22          0          0          0          0        100   _rserrno.o
        18          0          0          0          0         80   exit.o
         6          0          0          0          0        152   heapauxi.o
         0          0          0          0          0          0   indicate_semi.o
         2          0          0          0          0          0   libinit.o
         6          0          0          0          0          0   libinit2.o
         2          0          0          0          0          0   libshutdown.o
         2          0          0          0          0          0   libshutdown2.o
         8          4          0          0         96         68   libspace.o
         8          4          0          0          0         68   rt_errno_addr_intlibspace.o
         2          0          0          0          0          0   rtexit.o
        10          0          0          0          0          0   rtexit2.o
        12          4          0          0          0         68   sys_exit.o
        74          0          0          0          0         80   sys_stackheap_outer.o
         2          0          0          0          0         68   use_no_semi.o
        26          0          0          0          0        116   fpinit.o
         0          0          0          0          0          0   usenofp.o
        38          0          0          0          0        116   fpclassifyf.o
        38         12          0          0          0        348   funder.o
       340         24         32          0          0        160   rredf.o
       400         56          0          0          0        212   sinf.o

    ----------------------------------------------------------------------
      1174        112         32          0         96       1704   Library Totals
        10          0          0          0          0          0   (incl. Padding)

    ----------------------------------------------------------------------

      Code (inc. data)   RO Data    RW Data    ZI Data      Debug   Library Name

       322         20          0          0         96        752   c_w.l
        26          0          0          0          0        116   fz_wm.l
       816         92         32          0          0        836   m_wm.l

    ----------------------------------------------------------------------
      1174        112         32          0         96       1704   Library Totals

    ----------------------------------------------------------------------

==============================================================================


      Code (inc. data)   RO Data    RW Data    ZI Data      Debug   

      4472        146        520          0       3272      31432   Grand Totals
      4472        146        520          0       3272      31432   ELF Image Totals
      4472        146        520          0          0          0   ROM Totals

==============================================================================

    Total RO  Size (Code + RO Data)                 4992 (   4.88kB)
    Total RW  Size (RW Data + ZI Data)              3272 (   3.20kB)
    Total ROM Size (Code + RO Data + RW Data)       4992 (   4.88kB)

==============================================================================

